Archive member included to satisfy reference by file (symbol)

C:/Program Files (x86)/Arm GNU Toolchain arm-none-eabi/13.3 rel1/bin/../lib/gcc/arm-none-eabi/13.3.1/thumb/v7+fp/hard\libstdc++_nano.a(atexit_arm.o)
                              ./src/disco_nc/CommonModule.o (__aeabi_atexit)
C:/Program Files (x86)/Arm GNU Toolchain arm-none-eabi/13.3 rel1/bin/../lib/gcc/arm-none-eabi/13.3.1/thumb/v7+fp/hard\libstdc++_nano.a(del_op.o)
                              ./src/disco_nc/axis.o (operator delete(void*))
C:/Program Files (x86)/Arm GNU Toolchain arm-none-eabi/13.3 rel1/bin/../lib/gcc/arm-none-eabi/13.3.1/thumb/v7+fp/hard\libstdc++_nano.a(del_opv.o)
                              ./src/disco_nc/mnm1221.o (operator delete[](void*))
C:/Program Files (x86)/Arm GNU Toolchain arm-none-eabi/13.3 rel1/bin/../lib/gcc/arm-none-eabi/13.3.1/thumb/v7+fp/hard\libstdc++_nano.a(guard.o)
                              ./src/disco_nc/axis.o (__cxa_guard_acquire)
C:/Program Files (x86)/Arm GNU Toolchain arm-none-eabi/13.3 rel1/bin/../lib/gcc/arm-none-eabi/13.3.1/thumb/v7+fp/hard\libstdc++_nano.a(new_op.o)
                              ./src/disco_nc/axis.o (operator new(unsigned int))
C:/Program Files (x86)/Arm GNU Toolchain arm-none-eabi/13.3 rel1/bin/../lib/gcc/arm-none-eabi/13.3.1/thumb/v7+fp/hard\libstdc++_nano.a(new_opv.o)
                              ./src/disco_nc/mnm1221.o (operator new[](unsigned int))
C:/Program Files (x86)/Arm GNU Toolchain arm-none-eabi/13.3 rel1/bin/../lib/gcc/arm-none-eabi/13.3.1/thumb/v7+fp/hard\libstdc++_nano.a(functional.o)
                              ./src/disco_nc/axis.o (std::__throw_bad_function_call())
C:/Program Files (x86)/Arm GNU Toolchain arm-none-eabi/13.3 rel1/bin/../lib/gcc/arm-none-eabi/13.3.1/thumb/v7+fp/hard\libstdc++_nano.a(eh_exception.o)
                              C:/Program Files (x86)/Arm GNU Toolchain arm-none-eabi/13.3 rel1/bin/../lib/gcc/arm-none-eabi/13.3.1/thumb/v7+fp/hard\libstdc++_nano.a(functional.o) (std::exception::~exception())
C:/Program Files (x86)/Arm GNU Toolchain arm-none-eabi/13.3 rel1/bin/../lib/gcc/arm-none-eabi/13.3.1/thumb/v7+fp/hard\libstdc++_nano.a(new_handler.o)
                              C:/Program Files (x86)/Arm GNU Toolchain arm-none-eabi/13.3 rel1/bin/../lib/gcc/arm-none-eabi/13.3.1/thumb/v7+fp/hard\libstdc++_nano.a(new_op.o) (std::get_new_handler())
C:/Program Files (x86)/Arm GNU Toolchain arm-none-eabi/13.3 rel1/bin/../lib/gcc/arm-none-eabi/13.3.1/thumb/v7+fp/hard\libstdc++_nano.a(si_class_type_info.o)
                              C:/Program Files (x86)/Arm GNU Toolchain arm-none-eabi/13.3 rel1/bin/../lib/gcc/arm-none-eabi/13.3.1/thumb/v7+fp/hard\libstdc++_nano.a(functional.o) (vtable for __cxxabiv1::__si_class_type_info)
C:/Program Files (x86)/Arm GNU Toolchain arm-none-eabi/13.3 rel1/bin/../lib/gcc/arm-none-eabi/13.3.1/thumb/v7+fp/hard\libstdc++_nano.a(tinfo.o)
                              C:/Program Files (x86)/Arm GNU Toolchain arm-none-eabi/13.3 rel1/bin/../lib/gcc/arm-none-eabi/13.3.1/thumb/v7+fp/hard\libstdc++_nano.a(si_class_type_info.o) (std::type_info::__is_pointer_p() const)
C:/Program Files (x86)/Arm GNU Toolchain arm-none-eabi/13.3 rel1/bin/../lib/gcc/arm-none-eabi/13.3.1/thumb/v7+fp/hard\libstdc++_nano.a(class_type_info.o)
                              C:/Program Files (x86)/Arm GNU Toolchain arm-none-eabi/13.3 rel1/bin/../lib/gcc/arm-none-eabi/13.3.1/thumb/v7+fp/hard\libstdc++_nano.a(si_class_type_info.o) (__cxxabiv1::__class_type_info::__do_upcast(__cxxabiv1::__class_type_info const*, void**) const)
C:/Program Files (x86)/Arm GNU Toolchain arm-none-eabi/13.3 rel1/bin/../lib/gcc/arm-none-eabi/13.3.1/thumb/v7+fp/hard\libstdc++_nano.a(del_ops.o)
                              C:/Program Files (x86)/Arm GNU Toolchain arm-none-eabi/13.3 rel1/bin/../lib/gcc/arm-none-eabi/13.3.1/thumb/v7+fp/hard\libstdc++_nano.a(eh_exception.o) (operator delete(void*, unsigned int))
C:/Program Files (x86)/Arm GNU Toolchain arm-none-eabi/13.3 rel1/bin/../lib/gcc/arm-none-eabi/13.3.1/thumb/v7+fp/hard\libm.a(libm_a-w_sqrt.o)
                              ./src/disco_nc/axis.o (sqrt)
C:/Program Files (x86)/Arm GNU Toolchain arm-none-eabi/13.3 rel1/bin/../lib/gcc/arm-none-eabi/13.3.1/thumb/v7+fp/hard\libm.a(libm_a-e_sqrt.o)
                              C:/Program Files (x86)/Arm GNU Toolchain arm-none-eabi/13.3 rel1/bin/../lib/gcc/arm-none-eabi/13.3.1/thumb/v7+fp/hard\libm.a(libm_a-w_sqrt.o) (__ieee754_sqrt)
C:/Program Files (x86)/Arm GNU Toolchain arm-none-eabi/13.3 rel1/bin/../lib/gcc/arm-none-eabi/13.3.1/thumb/v7+fp/hard\libgcc.a(_arm_addsubdf3.o)
                              ./src/disco_nc/axis.o (__aeabi_l2d)
C:/Program Files (x86)/Arm GNU Toolchain arm-none-eabi/13.3 rel1/bin/../lib/gcc/arm-none-eabi/13.3.1/thumb/v7+fp/hard\libgcc.a(_aeabi_ldivmod.o)
                              ./src/disco_nc/funcs/f_correct.o (__aeabi_ldivmod)
[...]
Memory Configuration

Name             Origin             Length             Attributes
ATCM             0x00000000         0x00080000
BTCM             0x00100000         0x00010000
SYSTEM_RAM       0x10000000         0x00200000
SYSTEM_RAM_MIRROR 0x30000000         0x00200000
xSPI0_CS0_SPACE_MIRROR 0x40000000         0x04000000
xSPI0_CS1_SPACE_MIRROR 0x44000000         0x04000000
xSPI1_CS0_SPACE_MIRROR 0x48000000         0x04000000
xSPI1_CS1_SPACE_MIRROR 0x4c000000         0x04000000
CS0_SPACE_MIRROR 0x50000000         0x04000000
CS2_SPACE_MIRROR 0x54000000         0x04000000
CS3_SPACE_MIRROR 0x58000000         0x04000000
CS5_SPACE_MIRROR 0x5c000000         0x04000000
xSPI0_CS0_SPACE  0x60000000         0x04000000
xSPI0_CS1_SPACE  0x64000000         0x04000000
xSPI1_CS0_SPACE  0x68000000         0x04000000
xSPI1_CS1_SPACE  0x6c000000         0x04000000
CS0_SPACE        0x70000000         0x04000000
CS2_SPACE        0x74000000         0x04000000
CS3_SPACE        0x78000000         0x04000000
CS5_SPACE        0x7c000000         0x04000000
PCIE0_MIRROR     0x00000000         0x00000000
PCIE1_MIRROR     0x00000000         0x00000000
DDR_MIRROR0      0x00000000         0x00000000
DDR_MIRROR1      0x00000000         0x00000000
DDR              0x00000000         0x00000000
PCIE0            0x00000000         0x00000000
PCIE1            0x00000000         0x00000000
INTVEC           0x00000000         0x00080000
IMAGE_INFO       0x00000000         0x00080000
RAM_TEXT         0x00000000         0x00080000
RAM_DATA         0x00000000         0x00080000
LOADER_TEXT_STACK 0x00100000         0x00010000
LOADER_DATA_STACK 0x00100000         0x00010000
FLASH_CONTENTS   0x60000000         0x04000000
NONCACHE         0x30180000         0x00060000
SHARED_NONCACHE_BUFFER 0x301e0000         0x00020000
LCDC_FRAME_BUFFER 0x00000000         0x00000000
*default*        0x00000000         0xffffffff

Linker script and memory map

START GROUP
LOAD ./src/hal_data_new/System_API.o
LOAD ./src/disco_nc/funcs/f_adj_acc.o
LOAD ./src/disco_nc/funcs/f_correct.o
LOAD ./src/disco_nc/funcs/f_triangle.o
LOAD ./src/disco_nc/CommonModule.o
LOAD ./src/disco_nc/axis.o
LOAD ./src/disco_nc/disco_nc_main.o
LOAD ./src/disco_nc/dpram.o
LOAD ./src/disco_nc/dpram_interface.o
LOAD ./src/disco_nc/mnm1221.o
LOAD ./src/disco_nc/multi_pulse_generator.o
LOAD ./src/disco_nc/obj_pool.o
LOAD ./src/disco_nc/pulse.o
LOAD ./src/disco_nc/pulse_generator.o
LOAD ./src/disco_nc/task.o
LOAD ./src/disco_enrty.o
LOAD ./src/hal_entry.o
LOAD ./rzt_gen/common_data.o
LOAD ./rzt_gen/hal_data.o
LOAD ./rzt_gen/main.o
LOAD ./rzt_gen/pin_data.o
LOAD ./rzt_gen/vector_data.o
LOAD ./rzt/fsp/src/r_mtu3/r_mtu3.o
LOAD ./rzt/fsp/src/r_ioport/r_ioport.o
LOAD ./rzt/fsp/src/r_icu/r_icu.o
LOAD ./rzt/fsp/src/r_cmt/r_cmt.o
LOAD ./rzt/fsp/src/r_bsc_sdram/r_bsc_sdram.o
LOAD ./rzt/fsp/src/r_bsc/r_bsc.o
LOAD ./rzt/fsp/src/bsp/mcu/rzt2m/bsp_irq_sense.o
LOAD ./rzt/fsp/src/bsp/mcu/rzt2m/bsp_loader_param.o
LOAD ./rzt/fsp/src/bsp/mcu/all/cr/bsp_cache_core.o
LOAD ./rzt/fsp/src/bsp/mcu/all/cr/bsp_delay_core.o
LOAD ./rzt/fsp/src/bsp/mcu/all/cr/bsp_irq_core.o
LOAD ./rzt/fsp/src/bsp/mcu/all/cr/bsp_mpu_core.o
LOAD ./rzt/fsp/src/bsp/mcu/all/bsp_address_expander.o
LOAD ./rzt/fsp/src/bsp/mcu/all/bsp_cache.o
LOAD ./rzt/fsp/src/bsp/mcu/all/bsp_clocks.o
LOAD ./rzt/fsp/src/bsp/mcu/all/bsp_common.o
LOAD ./rzt/fsp/src/bsp/mcu/all/bsp_ddr.o
LOAD ./rzt/fsp/src/bsp/mcu/all/bsp_ddr_fw_param.o
LOAD ./rzt/fsp/src/bsp/mcu/all/bsp_delay.o
LOAD ./rzt/fsp/src/bsp/mcu/all/bsp_io.o
LOAD ./rzt/fsp/src/bsp/mcu/all/bsp_irq.o
LOAD ./rzt/fsp/src/bsp/mcu/all/bsp_mbr_param.o
LOAD ./rzt/fsp/src/bsp/mcu/all/bsp_register_protection.o
LOAD ./rzt/fsp/src/bsp/mcu/all/bsp_reset.o
LOAD ./rzt/fsp/src/bsp/mcu/all/bsp_sbrk.o
LOAD ./rzt/fsp/src/bsp/mcu/all/bsp_sdhi.o
LOAD ./rzt/fsp/src/bsp/mcu/all/bsp_semaphore.o
LOAD ./rzt/fsp/src/bsp/mcu/all/bsp_slave_stop.o
LOAD ./rzt/fsp/src/bsp/mcu/all/bsp_tzc400.o
LOAD ./rzt/fsp/src/bsp/cmsis/Device/RENESAS/Source/cr/startup_core.o
LOAD ./rzt/fsp/src/bsp/cmsis/Device/RENESAS/Source/cr/system_core.o
LOAD ./rzt/fsp/src/bsp/cmsis/Device/RENESAS/Source/startup.o
LOAD ./rzt/fsp/src/bsp/cmsis/Device/RENESAS/Source/system.o
END GROUP
START GROUP
END GROUP
LOAD C:/Program Files (x86)/Arm GNU Toolchain arm-none-eabi/13.3 rel1/bin/../lib/gcc/arm-none-eabi/13.3.1/thumb/v7+fp/hard\libstdc++_nano.a
LOAD C:/Program Files (x86)/Arm GNU Toolchain arm-none-eabi/13.3 rel1/bin/../lib/gcc/arm-none-eabi/13.3.1/thumb/v7+fp/hard\libm.a
START GROUP
LOAD C:/Program Files (x86)/Arm GNU Toolchain arm-none-eabi/13.3 rel1/bin/../lib/gcc/arm-none-eabi/13.3.1/thumb/v7+fp/hard\libgcc.a
LOAD C:/Program Files (x86)/Arm GNU Toolchain arm-none-eabi/13.3 rel1/bin/../lib/gcc/arm-none-eabi/13.3.1/thumb/v7+fp/hard\libg_nano.a
LOAD C:/Program Files (x86)/Arm GNU Toolchain arm-none-eabi/13.3 rel1/bin/../lib/gcc/arm-none-eabi/13.3.1/thumb/v7+fp/hard\libc_nano.a
END GROUP
START GROUP
LOAD C:/Program Files (x86)/Arm GNU Toolchain arm-none-eabi/13.3 rel1/bin/../lib/gcc/arm-none-eabi/13.3.1/thumb/v7+fp/hard\libgcc.a
LOAD C:/Program Files (x86)/Arm GNU Toolchain arm-none-eabi/13.3 rel1/bin/../lib/gcc/arm-none-eabi/13.3.1/thumb/v7+fp/hard\libc_nano.a
LOAD C:/Program Files (x86)/Arm GNU Toolchain arm-none-eabi/13.3 rel1/bin/../lib/gcc/arm-none-eabi/13.3.1/thumb/v7+fp/hard\librdimon_nano.a
END GROUP
START GROUP
LOAD C:/Program Files (x86)/Arm GNU Toolchain arm-none-eabi/13.3 rel1/bin/../lib/gcc/arm-none-eabi/13.3.1/thumb/v7+fp/hard\libgcc.a
LOAD C:/Program Files (x86)/Arm GNU Toolchain arm-none-eabi/13.3 rel1/bin/../lib/gcc/arm-none-eabi/13.3.1/thumb/v7+fp/hard\libc_nano.a
LOAD C:/Program Files (x86)/Arm GNU Toolchain arm-none-eabi/13.3 rel1/bin/../lib/gcc/arm-none-eabi/13.3.1/thumb/v7+fp/hard\librdimon_nano.a
END GROUP
                0x00000000                        ATCM_CR52_0_START = 0x0
                0x00080000                        ATCM_CR52_0_LENGTH = 0x80000
                0x00100000                        BTCM_CR52_0_START = 0x100000
                0x00010000                        BTCM_CR52_0_LENGTH = 0x10000
                0x10000000                        SYSTEM_RAM_START = 0x10000000
                0x00200000                        SYSTEM_RAM_LENGTH = 0x200000
                0x30000000                        SYSTEM_RAM_MIRROR_START = 0x30000000
                0x00200000                        SYSTEM_RAM_MIRROR_LENGTH = 0x200000
                0x40000000                        xSPI0_CS0_SPACE_MIRROR_START = 0x40000000
                0x04000000                        xSPI0_CS0_SPACE_MIRROR_LENGTH = 0x4000000
                0x44000000                        xSPI0_CS1_SPACE_MIRROR_START = 0x44000000
                0x04000000                        xSPI0_CS1_SPACE_MIRROR_LENGTH = 0x4000000
                0x48000000                        xSPI1_CS0_SPACE_MIRROR_START = 0x48000000
                0x04000000                        xSPI1_CS0_SPACE_MIRROR_LENGTH = 0x4000000
                0x4c000000                        xSPI1_CS1_SPACE_MIRROR_START = 0x4c000000
                0x04000000                        xSPI1_CS1_SPACE_MIRROR_LENGTH = 0x4000000
                0x50000000                        CS0_SPACE_MIRROR_START = 0x50000000
                0x04000000                        CS0_SPACE_MIRROR_LENGTH = 0x4000000
                0x54000000                        CS2_SPACE_MIRROR_START = 0x54000000
                0x04000000                        CS2_SPACE_MIRROR_LENGTH = 0x4000000
                0x58000000                        CS3_SPACE_MIRROR_START = 0x58000000
                0x04000000                        CS3_SPACE_MIRROR_LENGTH = 0x4000000
                0x5c000000                        CS5_SPACE_MIRROR_START = 0x5c000000
                0x04000000                        CS5_SPACE_MIRROR_LENGTH = 0x4000000
                0x60000000                        xSPI0_CS0_SPACE_START = 0x60000000
                0x04000000                        xSPI0_CS0_SPACE_LENGTH = 0x4000000
                0x64000000                        xSPI0_CS1_SPACE_START = 0x64000000
                0x04000000                        xSPI0_CS1_SPACE_LENGTH = 0x4000000
                0x68000000                        xSPI1_CS0_SPACE_START = 0x68000000
                0x04000000                        xSPI1_CS0_SPACE_LENGTH = 0x4000000
                0x6c000000                        xSPI1_CS1_SPACE_START = 0x6c000000
                0x04000000                        xSPI1_CS1_SPACE_LENGTH = 0x4000000
                0x70000000                        CS0_SPACE_START = 0x70000000
                0x04000000                        CS0_SPACE_LENGTH = 0x4000000
                0x74000000                        CS2_SPACE_START = 0x74000000
                0x04000000                        CS2_SPACE_LENGTH = 0x4000000
                0x78000000                        CS3_SPACE_START = 0x78000000
                0x04000000                        CS3_SPACE_LENGTH = 0x4000000
                0x7c000000                        CS5_SPACE_START = 0x7c000000
                0x04000000                        CS5_SPACE_LENGTH = 0x4000000
                0x10000000                        NONCACHE_START = 0x10000000
                0x00200000                        NONCACHE_LENGTH = 0x200000
                0x00000000                        SECONDARY = 0x0
                0x00000001                        CR52_0 = 0x1
                0x00000000                        ATCM_PRV_START = DEFINED (ATCM_CR52_0_START)?ATCM_CR52_0_START:DEFINED (ATCM_CR52_1_START)?ATCM_CR52_1_START:0x0
                0x00080000                        ATCM_PRV_LENGTH = DEFINED (ATCM_CR52_0_LENGTH)?ATCM_CR52_0_LENGTH:DEFINED (ATCM_CR52_1_LENGTH)?ATCM_CR52_1_LENGTH:0x0
                0x00100000                        BTCM_PRV_START = DEFINED (BTCM_CR52_0_START)?BTCM_CR52_0_START:DEFINED (BTCM_CR52_1_START)?BTCM_CR52_1_START:0x0
                0x00010000                        BTCM_PRV_LENGTH = DEFINED (BTCM_CR52_0_LENGTH)?BTCM_CR52_0_LENGTH:DEFINED (BTCM_CR52_1_LENGTH)?BTCM_CR52_1_LENGTH:0x0
                0x10000000                        SYSTEM_RAM_PRV_START = DEFINED (SYSTEM_RAM_START)?SYSTEM_RAM_START:0x0
                0x00200000                        SYSTEM_RAM_PRV_LENGTH = DEFINED (SYSTEM_RAM_LENGTH)?SYSTEM_RAM_LENGTH:0x0
                0x30000000                        SYSTEM_RAM_MIRROR_PRV_START = DEFINED (SYSTEM_RAM_MIRROR_START)?SYSTEM_RAM_MIRROR_START:0x0
                0x00200000                        SYSTEM_RAM_MIRROR_PRV_LENGTH = DEFINED (SYSTEM_RAM_MIRROR_LENGTH)?SYSTEM_RAM_MIRROR_LENGTH:0x0
                0x40000000                        xSPI0_CS0_SPACE_MIRROR_PRV_START = DEFINED (xSPI0_CS0_SPACE_MIRROR_START)?xSPI0_CS0_SPACE_MIRROR_START:0x0
                0x04000000                        xSPI0_CS0_SPACE_MIRROR_PRV_LENGTH = DEFINED (xSPI0_CS0_SPACE_MIRROR_LENGTH)?xSPI0_CS0_SPACE_MIRROR_LENGTH:0x0
                0x44000000                        xSPI0_CS1_SPACE_MIRROR_PRV_START = DEFINED (xSPI0_CS1_SPACE_MIRROR_START)?xSPI0_CS1_SPACE_MIRROR_START:0x0
                0x04000000                        xSPI0_CS1_SPACE_MIRROR_PRV_LENGTH = DEFINED (xSPI0_CS1_SPACE_MIRROR_LENGTH)?xSPI0_CS1_SPACE_MIRROR_LENGTH:0x0
                0x48000000                        xSPI1_CS0_SPACE_MIRROR_PRV_START = DEFINED (xSPI1_CS0_SPACE_MIRROR_START)?xSPI1_CS0_SPACE_MIRROR_START:0x0
                0x04000000                        xSPI1_CS0_SPACE_MIRROR_PRV_LENGTH = DEFINED (xSPI1_CS0_SPACE_MIRROR_LENGTH)?xSPI1_CS0_SPACE_MIRROR_LENGTH:0x0
                0x4c000000                        xSPI1_CS1_SPACE_MIRROR_PRV_START = DEFINED (xSPI1_CS1_SPACE_MIRROR_START)?xSPI1_CS1_SPACE_MIRROR_START:0x0
                0x04000000                        xSPI1_CS1_SPACE_MIRROR_PRV_LENGTH = DEFINED (xSPI1_CS1_SPACE_MIRROR_LENGTH)?xSPI1_CS1_SPACE_MIRROR_LENGTH:0x0
                0x50000000                        CS0_SPACE_MIRROR_PRV_START = DEFINED (CS0_SPACE_MIRROR_START)?CS0_SPACE_MIRROR_START:0x0
                0x04000000                        CS0_SPACE_MIRROR_PRV_LENGTH = DEFINED (CS0_SPACE_MIRROR_LENGTH)?CS0_SPACE_MIRROR_LENGTH:0x0
                0x54000000                        CS2_SPACE_MIRROR_PRV_START = DEFINED (CS2_SPACE_MIRROR_START)?CS2_SPACE_MIRROR_START:0x0
                0x04000000                        CS2_SPACE_MIRROR_PRV_LENGTH = DEFINED (CS2_SPACE_MIRROR_LENGTH)?CS2_SPACE_MIRROR_LENGTH:0x0
                0x58000000                        CS3_SPACE_MIRROR_PRV_START = DEFINED (CS3_SPACE_MIRROR_START)?CS3_SPACE_MIRROR_START:0x0
                0x04000000                        CS3_SPACE_MIRROR_PRV_LENGTH = DEFINED (CS3_SPACE_MIRROR_LENGTH)?CS3_SPACE_MIRROR_LENGTH:0x0
                0x5c000000                        CS5_SPACE_MIRROR_PRV_START = DEFINED (CS5_SPACE_MIRROR_START)?CS5_SPACE_MIRROR_START:0x0
                0x04000000                        CS5_SPACE_MIRROR_PRV_LENGTH = DEFINED (CS5_SPACE_MIRROR_LENGTH)?CS5_SPACE_MIRROR_LENGTH:0x0
                0x60000000                        xSPI0_CS0_SPACE_PRV_START = DEFINED (xSPI0_CS0_SPACE_START)?xSPI0_CS0_SPACE_START:0x0
                0x04000000                        xSPI0_CS0_SPACE_PRV_LENGTH = DEFINED (xSPI0_CS0_SPACE_LENGTH)?xSPI0_CS0_SPACE_LENGTH:0x0
                0x64000000                        xSPI0_CS1_SPACE_PRV_START = DEFINED (xSPI0_CS1_SPACE_START)?xSPI0_CS1_SPACE_START:0x0
                0x04000000                        xSPI0_CS1_SPACE_PRV_LENGTH = DEFINED (xSPI0_CS1_SPACE_LENGTH)?xSPI0_CS1_SPACE_LENGTH:0x0
                0x68000000                        xSPI1_CS0_SPACE_PRV_START = DEFINED (xSPI1_CS0_SPACE_START)?xSPI1_CS0_SPACE_START:0x0
                0x04000000                        xSPI1_CS0_SPACE_PRV_LENGTH = DEFINED (xSPI1_CS0_SPACE_LENGTH)?xSPI1_CS0_SPACE_LENGTH:0x0
                0x6c000000                        xSPI1_CS1_SPACE_PRV_START = DEFINED (xSPI1_CS1_SPACE_START)?xSPI1_CS1_SPACE_START:0x0
                0x04000000                        xSPI1_CS1_SPACE_PRV_LENGTH = DEFINED (xSPI1_CS1_SPACE_LENGTH)?xSPI1_CS1_SPACE_LENGTH:0x0
                0x70000000                        CS0_SPACE_PRV_START = DEFINED (CS0_SPACE_START)?CS0_SPACE_START:0x0
                0x04000000                        CS0_SPACE_PRV_LENGTH = DEFINED (CS0_SPACE_LENGTH)?CS0_SPACE_LENGTH:0x0
                0x74000000                        CS2_SPACE_PRV_START = DEFINED (CS2_SPACE_START)?CS2_SPACE_START:0x0
                0x04000000                        CS2_SPACE_PRV_LENGTH = DEFINED (CS2_SPACE_LENGTH)?CS2_SPACE_LENGTH:0x0
                0x78000000                        CS3_SPACE_PRV_START = DEFINED (CS3_SPACE_START)?CS3_SPACE_START:0x0
                0x04000000                        CS3_SPACE_PRV_LENGTH = DEFINED (CS3_SPACE_LENGTH)?CS3_SPACE_LENGTH:0x0
                0x7c000000                        CS5_SPACE_PRV_START = DEFINED (CS5_SPACE_START)?CS5_SPACE_START:0x0
                0x04000000                        CS5_SPACE_PRV_LENGTH = DEFINED (CS5_SPACE_LENGTH)?CS5_SPACE_LENGTH:0x0
                0x00000000                        PCIE0_MIRROR_PRV_START = DEFINED (PCIE0_MIRROR_START)?PCIE0_MIRROR_START:0x0
                0x00000000                        PCIE0_MIRROR_PRV_LENGTH = DEFINED (PCIE0_MIRROR_LENGTH)?PCIE0_MIRROR_LENGTH:0x0
                0x00000000                        PCIE1_MIRROR_PRV_START = DEFINED (PCIE1_MIRROR_START)?PCIE1_MIRROR_START:0x0
                0x00000000                        PCIE1_MIRROR_PRV_LENGTH = DEFINED (PCIE1_MIRROR_LENGTH)?PCIE1_MIRROR_LENGTH:0x0
                0x00000000                        DDR_MIRROR0_PRV_START = DEFINED (DDR_MIRROR0_CR52_0_START)?DDR_MIRROR0_CR52_0_START:DEFINED (DDR_MIRROR0_CR52_1_START)?DDR_MIRROR0_CR52_1_START:DEFINED (DDR_MIRROR0_CA55_0_START)?DDR_MIRROR0_CA55_0_START:DEFINED (DDR_MIRROR0_CA55_1_START)?DDR_MIRROR0_CA55_1_START:DEFINED (DDR_MIRROR0_CA55_2_START)?DDR_MIRROR0_CA55_2_START:DEFINED (DDR_MIRROR0_CA55_3_START)?DDR_MIRROR0_CA55_3_START:0x0
                0x00000000                        DDR_MIRROR0_PRV_LENGTH = DEFINED (DDR_MIRROR0_CR52_0_LENGTH)?DDR_MIRROR0_CR52_0_LENGTH:DEFINED (DDR_MIRROR0_CR52_1_LENGTH)?DDR_MIRROR0_CR52_1_LENGTH:DEFINED (DDR_MIRROR0_CA55_0_LENGTH)?DDR_MIRROR0_CA55_0_LENGTH:DEFINED (DDR_MIRROR0_CA55_1_LENGTH)?DDR_MIRROR0_CA55_1_LENGTH:DEFINED (DDR_MIRROR0_CA55_2_LENGTH)?DDR_MIRROR0_CA55_2_LENGTH:DEFINED (DDR_MIRROR0_CA55_3_LENGTH)?DDR_MIRROR0_CA55_3_LENGTH:0x0
                0x00000000                        DDR_MIRROR1_PRV_START = DEFINED (DDR_MIRROR1_CR52_0_START)?DDR_MIRROR1_CR52_0_START:DEFINED (DDR_MIRROR1_CR52_1_START)?DDR_MIRROR1_CR52_1_START:0x0
                0x00000000                        DDR_MIRROR1_PRV_LENGTH = DEFINED (DDR_MIRROR1_CR52_0_LENGTH)?DDR_MIRROR1_CR52_0_LENGTH:DEFINED (DDR_MIRROR1_CR52_1_LENGTH)?DDR_MIRROR1_CR52_1_LENGTH:0x0
                0x00000000                        DDR_PRV_START = DEFINED (DDR_CA55_0_START)?DDR_CA55_0_START:DEFINED (DDR_CA55_1_START)?DDR_CA55_1_START:DEFINED (DDR_CA55_2_START)?DDR_CA55_2_START:DEFINED (DDR_CA55_3_LENGTH)?DDR_CA55_3_LENGTH:0x0
                0x00000000                        DDR_PRV_LENGTH = DEFINED (DDR_CA55_0_LENGTH)?DDR_CA55_0_LENGTH:DEFINED (DDR_CA55_1_LENGTH)?DDR_CA55_1_LENGTH:DEFINED (DDR_CA55_2_LENGTH)?DDR_CA55_2_LENGTH:DEFINED (DDR_CA55_3_LENGTH)?DDR_CA55_3_LENGTH:0x0
                0x00000000                        PCIE0_PRV_START = DEFINED (PCIE0_CA55_0_START)?PCIE0_CA55_0_START:DEFINED (PCIE0_CA55_1_START)?PCIE0_CA55_1_START:DEFINED (PCIE0_CA55_2_START)?PCIE0_CA55_2_START:DEFINED (PCIE0_CA55_3_START)?PCIE0_CA55_3_START:0x0
                0x00000000                        PCIE0_PRV_LENGTH = DEFINED (PCIE0_CA55_0_LENGTH)?PCIE0_CA55_0_LENGTH:DEFINED (PCIE0_CA55_1_LENGTH)?PCIE0_CA55_1_LENGTH:DEFINED (PCIE0_CA55_2_LENGTH)?PCIE0_CA55_2_LENGTH:DEFINED (PCIE1_CA55_3_LENGTH)?PCIE1_CA55_3_LENGTH:0x0
                0x00000000                        PCIE1_PRV_START = DEFINED (PCIE1_CA55_0_START)?PCIE1_CA55_0_START:DEFINED (PCIE1_CA55_1_START)?PCIE1_CA55_1_START:DEFINED (PCIE1_CA55_2_START)?PCIE1_CA55_2_START:DEFINED (PCIE1_CA55_3_START)?PCIE1_CA55_3_START:0x0
                0x00000000                        PCIE1_PRV_LENGTH = DEFINED (PCIE1_CA55_0_LENGTH)?PCIE1_CA55_0_LENGTH:DEFINED (PCIE1_CA55_1_LENGTH)?PCIE1_CA55_1_LENGTH:DEFINED (PCIE1_CA55_2_LENGTH)?PCIE1_CA55_2_LENGTH:DEFINED (PCIE1_CA55_3_LENGTH)?PCIE1_CA55_3_LENGTH:0x0
                0x10000000                        NONCACHE_PRV_START = DEFINED (NONCACHE_START)?NONCACHE_START:0x0
                0x00200000                        NONCACHE_PRV_LENGTH = DEFINED (NONCACHE_LENGTH)?NONCACHE_LENGTH:0x0
                0x00000000                        SECONDARY_PRV = DEFINED (SECONDARY)?SECONDARY:0x0
                0x00000000                        eSD_eMMC_SPACE_PRV_START = DEFINED (eSD_eMMC_SPACE_START)?eSD_eMMC_SPACE_START:0x0
                0x00000000                        eSD_eMMC_SPACE_PRV_LENGTH = DEFINED (eSD_eMMC_SPACE_LENGTH)?eSD_eMMC_SPACE_LENGTH:0x0
                0x00000001                        XSPI0_BOOT = 0x1
                0x00000001                        _RZT_ORDINAL = (0x0 == SECONDARY_PRV)?0x1:0x2
                0x00000001                        IMPLEMENTED_TCM = ((DEFINED (ATCM_CR52_0_START) || DEFINED (ATCM_CR52_1_START)) && (DEFINED (BTCM_CR52_0_START) || DEFINED (BTCM_CR52_1_START)))?0x1:0x0
                0x00000001                        LOADER_PROGRAM_LOCATION_PRV = DEFINED (LOADER_PROGRAM_LOCATION)?LOADER_PROGRAM_LOCATION:(0x1 == IMPLEMENTED_TCM)?0x1:0x2
                0x00000000                        USER_PROGRAM_LOCATION_PRV = DEFINED (USER_PROGRAM_LOCATION)?USER_PROGRAM_LOCATION:(0x1 == IMPLEMENTED_TCM)?0x0:0x2
                0x00000001                        ASSERT_LOADER_PROGRAM_LOCATION = (((0x1 == _RZT_ORDINAL) && (0x1 == IMPLEMENTED_TCM)) && (0x1 != LOADER_PROGRAM_LOCATION_PRV))?0x0:0x1
                0x00000001                        ASSERT (ASSERT_LOADER_PROGRAM_LOCATION, ERROR: In the primary project, the location of the loader program cannot be changed.)
                0x00000001                        ASSERT_TCM = ((0x1 != IMPLEMENTED_TCM) && ((0x2 != LOADER_PROGRAM_LOCATION_PRV) || (0x2 != USER_PROGRAM_LOCATION_PRV)))?0x0:0x1
                0x00000001                        ASSERT (ASSERT_TCM, ERROR: There is no TCM in this core.)
                0x00000001                        LOADER_PROGRAM_LOCATION_PRV = (0x0 == ASSERT_TCM)?0x2:LOADER_PROGRAM_LOCATION_PRV
                0x00000000                        USER_PROGRAM_LOCATION_PRV = (0x0 == ASSERT_TCM)?0x2:USER_PROGRAM_LOCATION_PRV
                0x60000000                        xSPI0_CS0_SPACE_ALIGN_START = ALIGN (xSPI0_CS0_SPACE_PRV_START, 0x20000)
                0x04000000                        xSPI0_CS0_SPACE_ALIGN_LENGTH = (xSPI0_CS0_SPACE_PRV_LENGTH - (xSPI0_CS0_SPACE_PRV_LENGTH % 0x20000))
                0x68000000                        xSPI1_CS0_SPACE_ALIGN_START = ALIGN (xSPI1_CS0_SPACE_PRV_START, 0x20000)
                0x04000000                        xSPI1_CS0_SPACE_ALIGN_LENGTH = (xSPI1_CS0_SPACE_PRV_LENGTH - (xSPI1_CS0_SPACE_PRV_LENGTH % 0x20000))
                0x70000000                        CS0_SPACE_ALIGN_START = ALIGN (CS0_SPACE_PRV_START, 0x20000)
                0x04000000                        CS0_SPACE_ALIGN_LENGTH = (CS0_SPACE_PRV_LENGTH - (CS0_SPACE_PRV_LENGTH % 0x20000))
                0x10000000                        SYSTEM_RAM_ALIGN_START = ALIGN (SYSTEM_RAM_PRV_START, 0x20000)
                0x00200000                        SYSTEM_RAM_ALIGN_LENGTH = (SYSTEM_RAM_PRV_LENGTH - (SYSTEM_RAM_PRV_LENGTH % 0x20000))
                0x20000000                        SYSTEM_RAM_MIRROR_OFFSET = DEFINED (SYSTEM_RAM_START)?DEFINED (SYSTEM_RAM_MIRROR_START)?0x20000000:(DEFINED (CR52_0) || DEFINED (CR52_1))?0x0:0x200000:0x0
                0x00000000                        RAM_START = (0x0 == USER_PROGRAM_LOCATION_PRV)?ATCM_PRV_START:(0x1 == USER_PROGRAM_LOCATION_PRV)?BTCM_PRV_START:(0x2 == USER_PROGRAM_LOCATION_PRV)?SYSTEM_RAM_ALIGN_START:0x0
                0x00080000                        RAM_LENGTH = (0x0 == USER_PROGRAM_LOCATION_PRV)?ATCM_PRV_LENGTH:(0x1 == USER_PROGRAM_LOCATION_PRV)?BTCM_PRV_LENGTH:(0x2 == USER_PROGRAM_LOCATION_PRV)?SYSTEM_RAM_ALIGN_LENGTH:0x0
                0x00000100                        TEXT_OFFSET = (0x0 == USER_PROGRAM_LOCATION_PRV)?(0x0 == LOADER_PROGRAM_LOCATION_PRV)?0x8000:0x100:(0x1 == USER_PROGRAM_LOCATION_PRV)?(0x1 == LOADER_PROGRAM_LOCATION_PRV)?0x7000:0x2000:(0x2 == USER_PROGRAM_LOCATION_PRV)?(0x2 == LOADER_PROGRAM_LOCATION_PRV)?0x10000:0x1000:0x0
                0x00000100                        TEXT_ADDRESS = (RAM_START + TEXT_OFFSET)
                0x00100000                        LOADER_START = (0x0 == LOADER_PROGRAM_LOCATION_PRV)?ATCM_PRV_START:(0x1 == LOADER_PROGRAM_LOCATION_PRV)?BTCM_PRV_START:(0x2 == LOADER_PROGRAM_LOCATION_PRV)?SYSTEM_RAM_ALIGN_START:0x0
                0x00010000                        LOADER_LENGTH = (0x0 == LOADER_PROGRAM_LOCATION_PRV)?ATCM_PRV_LENGTH:(0x1 == LOADER_PROGRAM_LOCATION_PRV)?BTCM_PRV_LENGTH:(0x2 == LOADER_PROGRAM_LOCATION_PRV)?SYSTEM_RAM_ALIGN_LENGTH:0x0
                0x00002000                        LOADER_TEXT_OFFSET = (0x0 == LOADER_PROGRAM_LOCATION_PRV)?0x100:(0x1 == LOADER_PROGRAM_LOCATION_PRV)?0x2000:(0x2 == LOADER_PROGRAM_LOCATION_PRV)?0x1000:0x0
                0x00102000                        LOADER_TEXT_ADDRESS = (LOADER_START + LOADER_TEXT_OFFSET)
                0x60000000                        ROM_START = DEFINED (XSPI0_BOOT)?xSPI0_CS0_SPACE_ALIGN_START:DEFINED (XSPI1_BOOT)?xSPI1_CS0_SPACE_ALIGN_START:DEFINED (BUS_16BIT_BOOT)?CS0_SPACE_ALIGN_START:0x0
                0x04000000                        ROM_LENGTH = DEFINED (XSPI0_BOOT)?xSPI0_CS0_SPACE_ALIGN_LENGTH:DEFINED (XSPI1_BOOT)?xSPI1_CS0_SPACE_ALIGN_LENGTH:DEFINED (BUS_16BIT_BOOT)?CS0_SPACE_ALIGN_LENGTH:0x0
                0x60000000                        LOADER_PARAM_ADDRESS = ROM_START
                0x00000050                        FLASH_CONTENTS_OFFSET = 0x50
                0x60000050                        FLASH_CONTENTS_ADDRESS = (LOADER_PARAM_ADDRESS + FLASH_CONTENTS_OFFSET)
                0x00000000                        INTVEC_START = (0x1 == IMPLEMENTED_TCM)?ATCM_PRV_START:SYSTEM_RAM_ALIGN_START
                0x00080000                        INTVEC_LENGTH = (0x1 == IMPLEMENTED_TCM)?ATCM_PRV_LENGTH:SYSTEM_RAM_ALIGN_LENGTH
                0x00000000                        INTVEC_ADDRESS = INTVEC_START
                0x00000000                        IMAGE_INFO_START = ((0x2 == LOADER_PROGRAM_LOCATION_PRV) || (0x2 == USER_PROGRAM_LOCATION_PRV))?SYSTEM_RAM_ALIGN_START:ATCM_PRV_START
                0x00080000                        IMAGE_INFO_LENGTH = ((0x2 == LOADER_PROGRAM_LOCATION_PRV) || (0x2 == USER_PROGRAM_LOCATION_PRV))?SYSTEM_RAM_ALIGN_LENGTH:ATCM_PRV_LENGTH
                0x000000c0                        IMAGE_INFO_OFFSET = (0x1 == IMPLEMENTED_TCM)?((0x2 == LOADER_PROGRAM_LOCATION_PRV) || (0x2 == USER_PROGRAM_LOCATION_PRV))?0x0:0xc0:0x800
                0x000000c0                        IMAGE_INFO_ADDRESS = (IMAGE_INFO_START + IMAGE_INFO_OFFSET)
                0x00080000                        NONCACHE_OFFSET = DEFINED (NONCACHE_START)?0x80000:0x0
                0x00020000                        SHARED_NONCACHE_BUFFER_OFFSET = DEFINED (NONCACHE_START)?0x20000:0x0
                0x00000000                        LCDC_FRAME_BUFFER_OFFSET = ((0x0 != DDR_MIRROR0_PRV_START) || (0x0 != DDR_MIRROR1_PRV_START))?0x4000000:0x0
                0x00000000                        NONCACHE_USAGE = (DEFINED (NONCACHE_START) && (NONCACHE_OFFSET >= NONCACHE_PRV_LENGTH))?ALIGN ((NONCACHE_OFFSET - NONCACHE_PRV_LENGTH), 0x20):0x0
                0x10180000                        NONCACHE_AREA_INIT_START = (((NONCACHE_PRV_START + NONCACHE_PRV_LENGTH) - NONCACHE_OFFSET) + NONCACHE_USAGE)
                0x00060000                        NONCACHE_AREA_INIT_LENGTH = ((NONCACHE_OFFSET - SHARED_NONCACHE_BUFFER_OFFSET) - NONCACHE_USAGE)
                0x30180000                        NONCACHE_AREA_START = (NONCACHE_AREA_INIT_START + SYSTEM_RAM_MIRROR_OFFSET)
                0x00060000                        NONCACHE_AREA_LENGTH = NONCACHE_AREA_INIT_LENGTH
                0x101e0000                        SHARED_NONCACHE_BUFFER_INIT_START = ((NONCACHE_PRV_START + NONCACHE_PRV_LENGTH) - SHARED_NONCACHE_BUFFER_OFFSET)
                0x00020000                        SHARED_NONCACHE_BUFFER_INIT_LENGTH = SHARED_NONCACHE_BUFFER_OFFSET
                0x301e0000                        SHARED_NONCACHE_BUFFER_START = (SHARED_NONCACHE_BUFFER_INIT_START + SYSTEM_RAM_MIRROR_OFFSET)
                0x00020000                        SHARED_NONCACHE_BUFFER_LENGTH = SHARED_NONCACHE_BUFFER_INIT_LENGTH
                0x00000000                        LCDC_FRAME_BUFFER_START = (DEFINED (CR52_0) || DEFINED (CR52_1))?((DDR_MIRROR1_PRV_START + DDR_MIRROR1_PRV_LENGTH) - LCDC_FRAME_BUFFER_OFFSET):((DDR_MIRROR0_PRV_START + DDR_MIRROR0_PRV_LENGTH) - LCDC_FRAME_BUFFER_OFFSET)
                0x00000000                        LCDC_FRAME_BUFFER_LENGTH = LCDC_FRAME_BUFFER_OFFSET

.loader_param   0x60000000       0x4c
 *(.loader_param)
 .loader_param  0x60000000       0x4c ./rzt/fsp/src/bsp/mcu/rzt2m/bsp_loader_param.o
                0x60000000                g_bsp_loader_param

.flash_contents
                0x60000050    0x3e250
                0x60000050                        _mloader_text = .
                0x60001378                        . = (0x1 == _RZT_ORDINAL)?(. + (_loader_text_end - _loader_text_start)):.
 *fill*         0x60000050     0x1328 
                0x60001378                        . = (0x1 == _RZT_ORDINAL)?ALIGN (0x8):.
 *fill*         0x60001378        0x0 
                0x60001378                        _mloader_data = .
                0x60001448                        . = (0x1 == _RZT_ORDINAL)?(. + (__loader_data_end - __loader_data_start)):.
 *fill*         0x60001378       0xd0 
                0x60001448                        . = (0x1 == _RZT_ORDINAL)?ALIGN (0x8):.
                0x60001448                        _mfvector = .
                0x600014c8                        . = (0x1 == _RZT_ORDINAL)?(. + (_fvector_end - _fvector_start)):.
 *fill*         0x60001448       0x80 
                0x600014c8                        . = (0x1 == _RZT_ORDINAL)?ALIGN (0x8):.
                0x600014c8                        _mtext = .
                0x60013eb8                        . = (0x1 == _RZT_ORDINAL)?(. + (_text_end - _text_start)):.
 *fill*         0x600014c8    0x129f0 
                0x60013eb8                        . = (0x1 == _RZT_ORDINAL)?ALIGN (0x8):.
                0x60013eb8                        _mextab = .
                0x60013eb8                        . = (0x1 == _RZT_ORDINAL)?(. + (__extab_end - __extab_start)):.
                0x60013eb8                        . = (0x1 == _RZT_ORDINAL)?ALIGN (0x8):.
                0x60013eb8                        _mexidx = .
                0x60013ec0                        . = (0x1 == _RZT_ORDINAL)?(. + (__exidx_end - __exidx_start)):.
 *fill*         0x60013eb8        0x8 
                0x60013ec0                        . = (0x1 == _RZT_ORDINAL)?ALIGN (0x8):.
                0x60013ec0                        _mdata = .
                0x60017180                        . = (0x1 == _RZT_ORDINAL)?(. + (_data_end - _data_start)):.
 *fill*         0x60013ec0     0x32c0 
                0x60017180                        . = (0x1 == _RZT_ORDINAL)?ALIGN (0x20):.
 *fill*         0x60017180        0x0 
                0x60017180                        _msdram_rodata = .
                0x6003e2a0                        . = (. + (_sdram_rodata_end - _sdram_rodata_start))
 *fill*         0x60017180    0x27120 
                0x6003e2a0                        . = ALIGN (0x8)
                0x6003e2a0                        _mnoncache = .
                0x6003e2a0                        . = (0x1 == _RZT_ORDINAL)?(. + (_noncache_end - _noncache_start)):.
                0x6003e2a0                        . = (0x1 == _RZT_ORDINAL)?ALIGN (0x20):.
                0x6003e2a0                        _msecondary_noncache = .
                0x6003e2a0                        . = (0x1 == _RZT_ORDINAL)?(. + (_secondary_noncache_end - _secondary_noncache_start)):.
                0x6003e2a0                        . = (0x1 == _RZT_ORDINAL)?ALIGN (0x20):.
                0x6003e2a0                        _msncbuffer = .
                0x6003e2a0                        . = (0x1 == _RZT_ORDINAL)?(. + (_sncbuffer_end - _sncbuffer_start)):.
                0x6003e2a0                        flash_contents_end = .
                0x60040000                        FLASH_CONTENTS_SECONDARY_START = (0x1 == _RZT_ORDINAL)?ALIGN (flash_contents_end, 0x20000):flash_contents_end

.flash_contents_secondary
                0x60040000       0x48
                0x60040000                        . = (0x1 == _RZT_ORDINAL)?ALIGN (0x20000):.
 *(.image_info_secondary)
 .image_info_secondary
                0x60040000       0x48 ./rzt/fsp/src/bsp/cmsis/Device/RENESAS/Source/system.o
                0x60040000                g_bsp_image_info_array
                0x60040048                        . = (0x1 == _RZT_ORDINAL)?ALIGN (0x8):.
                0x60040048                        _msecondary_atcm_cr520_start = .
 *(.secondary_atcm_cr520)
                0x60040048                        _msecondary_atcm_cr520_end = .
                0x60040048                        . = (0x1 == _RZT_ORDINAL)?ALIGN (0x8):.
                0x60040048                        _msecondary_btcm_cr520_start = .
 *(.secondary_btcm_cr520)
                0x60040048                        _msecondary_btcm_cr520_end = .
                0x60040048                        . = (0x1 == _RZT_ORDINAL)?ALIGN (0x8):.
                0x60040048                        _msecondary_atcm_cr521_start = .
 *(.secondary_atcm_cr521)
                0x60040048                        _msecondary_atcm_cr521_end = .
                0x60040048                        . = (0x1 == _RZT_ORDINAL)?ALIGN (0x8):.
                0x60040048                        _msecondary_btcm_cr521_start = .
 *(.secondary_btcm_cr521)
                0x60040048                        _msecondary_btcm_cr521_end = .
                0x60040048                        . = (0x1 == _RZT_ORDINAL)?ALIGN (0x8):.
                0x60040048                        _msecondray = .
                0x60000050                        LOADER_TEXT_IMAGE = (0x1 == _RZT_ORDINAL)?_mloader_text:LOADER_TEXT_ADDRESS

.loader_text    0x00102000     0x1328 load address 0x60000050
                0x00102000                        _loader_text_start = .
 *(.loader_text)
 .loader_text   0x00102000       0x38 ./rzt/fsp/src/bsp/cmsis/Device/RENESAS/Source/cr/startup_core.o
                0x00102000                system_init
 */startup_core.o(.text*)
 .text.bsp_register_initialization
                0x00102038       0x5c ./rzt/fsp/src/bsp/cmsis/Device/RENESAS/Source/cr/startup_core.o
                0x00102038                bsp_register_initialization
 .text.Undefined_Handler
                0x00102094        0x2 ./rzt/fsp/src/bsp/cmsis/Device/RENESAS/Source/cr/startup_core.o
                0x00102094                Undefined_Handler
 .text.SVC_Handler
                0x00102096        0x2 ./rzt/fsp/src/bsp/cmsis/Device/RENESAS/Source/cr/startup_core.o
                0x00102096                SVC_Handler
 .text.Prefetch_Handler
                0x00102098        0x2 ./rzt/fsp/src/bsp/cmsis/Device/RENESAS/Source/cr/startup_core.o
                0x00102098                Prefetch_Handler
 .text.Abort_Handler
                0x0010209a        0x2 ./rzt/fsp/src/bsp/cmsis/Device/RENESAS/Source/cr/startup_core.o
                0x0010209a                Abort_Handler
 .text.Reserved_Handler
                0x0010209c        0x2 ./rzt/fsp/src/bsp/cmsis/Device/RENESAS/Source/cr/startup_core.o
                0x0010209c                Reserved_Handler
 .text.FIQ_Handler
                0x0010209e        0x2 ./rzt/fsp/src/bsp/cmsis/Device/RENESAS/Source/cr/startup_core.o
                0x0010209e                FIQ_Handler
 .text.stack_init
                0x001020a0       0x64 ./rzt/fsp/src/bsp/cmsis/Device/RENESAS/Source/cr/startup_core.o
                0x001020a0                stack_init
 .text.fpu_slavetcm_init
                0x00102104       0x18 ./rzt/fsp/src/bsp/cmsis/Device/RENESAS/Source/cr/startup_core.o
                0x00102104                fpu_slavetcm_init
 .text.IRQ_Handler
                0x0010211c       0x74 ./rzt/fsp/src/bsp/cmsis/Device/RENESAS/Source/cr/startup_core.o
                0x0010211c                IRQ_Handler
 */system_core.o(.text*)
 .text.bsp_fpu_advancedsimd_init
                0x00102190       0x22 ./rzt/fsp/src/bsp/cmsis/Device/RENESAS/Source/cr/system_core.o
                0x00102190                bsp_fpu_advancedsimd_init
 .text.bsp_slavetcm_enable
                0x001021b2       0x16 ./rzt/fsp/src/bsp/cmsis/Device/RENESAS/Source/cr/system_core.o
                0x001021b2                bsp_slavetcm_enable
 .text.bsp_irq_cfg_common
                0x001021c8       0x1e ./rzt/fsp/src/bsp/cmsis/Device/RENESAS/Source/cr/system_core.o
                0x001021c8                bsp_irq_cfg_common
 */startup.o(.text*)
 .text.SystemInit
                0x001021e6       0xae ./rzt/fsp/src/bsp/cmsis/Device/RENESAS/Source/startup.o
                0x001021e6                SystemInit
 */system.o(.text*)
 .text.bsp_master_mpu_init
                0x00102294       0xf6 ./rzt/fsp/src/bsp/cmsis/Device/RENESAS/Source/system.o
                0x00102294                bsp_master_mpu_init
 .text.bsp_global_system_counter_init
                0x0010238a       0x36 ./rzt/fsp/src/bsp/cmsis/Device/RENESAS/Source/system.o
                0x0010238a                bsp_global_system_counter_init
 .text.bsp_copy_multibyte
                0x001023c0       0x4a ./rzt/fsp/src/bsp/cmsis/Device/RENESAS/Source/system.o
                0x001023c0                bsp_copy_multibyte
 .text.bsp_loader_data_init
                0x0010240a       0x22 ./rzt/fsp/src/bsp/cmsis/Device/RENESAS/Source/system.o
                0x0010240a                bsp_loader_data_init
 .text.bsp_bss_init_multibyte
                0x0010242c       0x42 ./rzt/fsp/src/bsp/cmsis/Device/RENESAS/Source/system.o
                0x0010242c                bsp_bss_init_multibyte
 .text.bsp_loader_bss_init
                0x0010246e       0x1a ./rzt/fsp/src/bsp/cmsis/Device/RENESAS/Source/system.o
                0x0010246e                bsp_loader_bss_init
 .text.bsp_application_bss_init
                0x00102488       0x1a ./rzt/fsp/src/bsp/cmsis/Device/RENESAS/Source/system.o
                0x00102488                bsp_application_bss_init
 .text.bsp_copy_to_ram
                0x001024a2      0x146 ./rzt/fsp/src/bsp/cmsis/Device/RENESAS/Source/system.o
                0x001024a2                bsp_copy_to_ram
 .text.bsp_cpu_reset_release
                0x001025e8       0x3e ./rzt/fsp/src/bsp/cmsis/Device/RENESAS/Source/system.o
                0x001025e8                bsp_cpu_reset_release
 .text.bsp_tfu_init
                0x00102626       0x48 ./rzt/fsp/src/bsp/cmsis/Device/RENESAS/Source/system.o
                0x00102626                bsp_tfu_init
 .text.bsp_static_constructor_init
                0x0010266e       0x5c ./rzt/fsp/src/bsp/cmsis/Device/RENESAS/Source/system.o
                0x0010266e                bsp_static_constructor_init
 */all*/bsp_*.o(.text*)
 .text.bsp_irq_core_cfg
                0x001026ca       0x68 ./rzt/fsp/src/bsp/mcu/all/cr/bsp_irq_core.o
                0x001026ca                bsp_irq_core_cfg
 .text.bsp_common_interrupt_handler
                0x00102732       0x72 ./rzt/fsp/src/bsp/mcu/all/cr/bsp_irq_core.o
                0x00102732                bsp_common_interrupt_handler
 .text.bsp_mpu_init
                0x001027a4       0x1a ./rzt/fsp/src/bsp/mcu/all/cr/bsp_mpu_core.o
                0x001027a4                bsp_mpu_init
 .text.bsp_memory_protect_setting
                0x001027be       0x66 ./rzt/fsp/src/bsp/mcu/all/cr/bsp_mpu_core.o
                0x001027be                bsp_memory_protect_setting
 .text.R_BSP_CacheEnableInst
                0x00102824       0x16 ./rzt/fsp/src/bsp/mcu/all/bsp_cache.o
                0x00102824                R_BSP_CacheEnableInst
 .text.R_BSP_CacheEnableData
                0x0010283a       0x16 ./rzt/fsp/src/bsp/mcu/all/bsp_cache.o
                0x0010283a                R_BSP_CacheEnableData
 .text.R_BSP_CacheEnableMemoryProtect
                0x00102850       0x16 ./rzt/fsp/src/bsp/mcu/all/bsp_cache.o
                0x00102850                R_BSP_CacheEnableMemoryProtect
 .text.R_BSP_CacheCleanAll
                0x00102866       0x96 ./rzt/fsp/src/bsp/mcu/all/bsp_cache.o
                0x00102866                R_BSP_CacheCleanAll
 .text.R_BSP_CacheInvalidateAll
                0x001028fc       0x96 ./rzt/fsp/src/bsp/mcu/all/bsp_cache.o
                0x001028fc                R_BSP_CacheInvalidateAll
 .text.bsp_prv_clock_temporaliy_set_system_clock
                0x00102992       0x62 ./rzt/fsp/src/bsp/mcu/all/bsp_clocks.o
 .text.SystemCoreClockUpdate
                0x001029f4       0x40 ./rzt/fsp/src/bsp/mcu/all/bsp_clocks.o
                0x001029f4                SystemCoreClockUpdate
 .text.bsp_prv_clock_set_hard_reset
                0x00102a34       0x72 ./rzt/fsp/src/bsp/mcu/all/bsp_clocks.o
 .text.bsp_clock_init
                0x00102aa6      0x28c ./rzt/fsp/src/bsp/mcu/all/bsp_clocks.o
                0x00102aa6                bsp_clock_init
 .text.R_BSP_FspAssert
                0x00102d32        0x2 ./rzt/fsp/src/bsp/mcu/all/bsp_common.o
                0x00102d32                R_BSP_FspAssert
 .text.bsp_irq_cfg
                0x00102d34        0x8 ./rzt/fsp/src/bsp/mcu/all/bsp_irq.o
                0x00102d34                bsp_irq_cfg
 .text.R_BSP_RegisterProtectEnable
                0x00102d3c       0xa2 ./rzt/fsp/src/bsp/mcu/all/bsp_register_protection.o
                0x00102d3c                R_BSP_RegisterProtectEnable
 .text.bsp_regiser_protect_semaphore_take
                0x00102dde       0x4c ./rzt/fsp/src/bsp/mcu/all/bsp_register_protection.o
                0x00102dde                bsp_regiser_protect_semaphore_take
 .text.R_BSP_RegisterProtectDisable
                0x00102e2a       0xb2 ./rzt/fsp/src/bsp/mcu/all/bsp_register_protection.o
                0x00102e2a                R_BSP_RegisterProtectDisable
 .text.R_BSP_CpuResetRelease
                0x00102edc       0x32 ./rzt/fsp/src/bsp/mcu/all/bsp_reset.o
                0x00102edc                R_BSP_CpuResetRelease
 .text._sbrk    0x00102f0e       0x5c ./rzt/fsp/src/bsp/mcu/all/bsp_sbrk.o
                0x00102f0e                _sbrk
 .text.bsp_semaphore_init
                0x00102f6a       0x3a ./rzt/fsp/src/bsp/mcu/all/bsp_semaphore.o
                0x00102f6a                bsp_semaphore_init
 */r_ioport.o(.text*)
 .text.r_ioport_pin_set_safety
                0x00102fa4      0x136 ./rzt/fsp/src/r_ioport/r_ioport.o
 .text.r_ioport_pin_set
                0x001030da       0x62 ./rzt/fsp/src/r_ioport/r_ioport.o
 .text.r_ioport_pins_config
                0x0010313c       0x2c ./rzt/fsp/src/r_ioport/r_ioport.o
 .text.r_ioport_event_config
                0x00103168      0x166 ./rzt/fsp/src/r_ioport/r_ioport.o
 .text.R_IOPORT_Open
                0x001032ce       0x20 ./rzt/fsp/src/r_ioport/r_ioport.o
                0x001032ce                R_IOPORT_Open
 *(.warm_start)
 .warm_start    0x001032ee       0x2c ./src/hal_entry.o
                0x001032ee                R_BSP_WarmStart
                0x00103318                R_BSP_WarmStart_StackLess
 *fill*         0x0010331a        0x6 
 .warm_start.__stub
                0x00103320        0x8 linker stubs
 *(.loader_user_data*)
                0x00103328                        _loader_text_end = .
                0x00103400                        LOADER_DATA_START = ALIGN (_loader_text_end, 0x200)
                0x60001378                        LOADER_DATA_IMAGE = (0x1 == _RZT_ORDINAL)?_mloader_data:LOADER_DATA_START

.loader_data    0x00103400       0xd0 load address 0x60001378
                0x00103400                        __loader_data_start = .
 */startup_core.o(.data*)
 .data.g_bsp_first_operation
                0x00103400        0x1 ./rzt/fsp/src/bsp/cmsis/Device/RENESAS/Source/cr/startup_core.o
                0x00103400                g_bsp_first_operation
 */system_core.o(.data*)
 */startup.o(.data*)
 */system.o(.data*)
 */all*/bsp_*.o(.data*)
 */r_ioport.o(.data*)
 */bsp_mpu_core.o(.rodata*)
 *fill*         0x00103401        0x3 
 .rodata.g_bsp_el1_mpu
                0x00103404       0xc0 ./rzt/fsp/src/bsp/mcu/all/cr/bsp_mpu_core.o
 */bsp_mmu_core.o(.rodata*)
 */bsp_register_protection.o(.rodata*)
 .rodata.g_prcr_masks
                0x001034c4        0x8 ./rzt/fsp/src/bsp/mcu/all/bsp_register_protection.o
 */bsp_tzc400.o(.rodata*)
 *(.warm_start.data*)
                0x001034d0                        . = ALIGN (0x8)
 *fill*         0x001034cc        0x4 
                0x001034d0                        __loader_data_end = .

.loader_bss     0x001034d0      0x859 load address 0x60001448
                0x001034d0                        __loader_bss_start = .
 */startup_core.o(.bss*)
 */system_core.o(.bss*)
 .bss.g_sgi_ppi_vector_table
                0x001034d0       0x80 ./rzt/fsp/src/bsp/cmsis/Device/RENESAS/Source/cr/system_core.o
                0x001034d0                g_sgi_ppi_vector_table
 */startup.o(.bss*)
 */system.o(.bss*)
 .bss.SystemCoreClock
                0x00103550        0x4 ./rzt/fsp/src/bsp/cmsis/Device/RENESAS/Source/system.o
                0x00103550                SystemCoreClock
 */all*/bsp_*.o(.bss*)
 .bss.g_current_interrupt_pointer
                0x00103554        0x1 ./rzt/fsp/src/bsp/mcu/all/cr/bsp_irq_core.o
                0x00103554                g_current_interrupt_pointer
 *fill*         0x00103555        0x3 
 .bss.g_current_interrupt_num
                0x00103558       0x40 ./rzt/fsp/src/bsp/mcu/all/cr/bsp_irq_core.o
                0x00103558                g_current_interrupt_num
 .bss.gp_renesas_isr_context
                0x00103598      0x780 ./rzt/fsp/src/bsp/mcu/all/cr/bsp_irq_core.o
                0x00103598                gp_renesas_isr_context
 .bss.g_protect_counters
                0x00103d18        0x8 ./rzt/fsp/src/bsp/mcu/all/bsp_register_protection.o
                0x00103d18                g_protect_counters
 .bss.current_heap_end.0
                0x00103d20        0x4 ./rzt/fsp/src/bsp/mcu/all/bsp_sbrk.o
 */r_ioport.o(.bss*)
 *(.warm_start.bss*)
 *(.ttbr)
 */startup_core.o(COMMON)
 */system_core.o(COMMON)
 */startup.o(COMMON)
 */system.o(COMMON)
 */all*/bsp_*.o(COMMON)
 */r_ioport.o(COMMON)
                0x00103d28                        . = ALIGN (0x8)
 *fill*         0x00103d24        0x4 
                0x00103d28                        __loader_bss_end = .
 *(.software_reset)
 .software_reset
                0x00103d28        0x1 ./rzt/fsp/src/bsp/cmsis/Device/RENESAS/Source/cr/startup_core.o
                0x00103d28                g_bsp_software_reset_occurred

.loader_stack   0x00103d30     0x6000 load address 0x60001ca8
                0x00103d30                        . = ALIGN (0x8)
                0x00103d30                        __SysStackBase = .
 *(.sys_stack)
 .sys_stack     0x00103d30     0x1000 ./rzt/fsp/src/bsp/cmsis/Device/RENESAS/Source/cr/startup_core.o
                0x00104d30                        __SysStackLimit = .
                0x00104d30                        . = ALIGN (0x8)
                0x00104d30                        __SvcStackBase = .
 *(.svc_stack)
 .svc_stack     0x00104d30     0x1000 ./rzt/fsp/src/bsp/cmsis/Device/RENESAS/Source/cr/startup_core.o
                0x00105d30                        __SvcStackLimit = .
                0x00105d30                        . = ALIGN (0x8)
                0x00105d30                        __IrqStackBase = .
 *(.irq_stack)
 .irq_stack     0x00105d30     0x1000 ./rzt/fsp/src/bsp/cmsis/Device/RENESAS/Source/cr/startup_core.o
                0x00106d30                        __IrqStackLimit = .
                0x00106d30                        . = ALIGN (0x8)
                0x00106d30                        __FiqStackBase = .
 *(.fiq_stack)
 .fiq_stack     0x00106d30     0x1000 ./rzt/fsp/src/bsp/cmsis/Device/RENESAS/Source/cr/startup_core.o
                0x00107d30                        __FiqStackLimit = .
                0x00107d30                        . = ALIGN (0x8)
                0x00107d30                        __UndStackBase = .
 *(.und_stack)
 .und_stack     0x00107d30     0x1000 ./rzt/fsp/src/bsp/cmsis/Device/RENESAS/Source/cr/startup_core.o
                0x00108d30                        __UndStackLimit = .
                0x00108d30                        . = ALIGN (0x8)
                0x00108d30                        __AbtStackBase = .
 *(.abt_stack)
 .abt_stack     0x00108d30     0x1000 ./rzt/fsp/src/bsp/cmsis/Device/RENESAS/Source/cr/startup_core.o
                0x00109d30                        __AbtStackLimit = .
                0x60001448                        INTVEC_IMAGE = (0x1 == _RZT_ORDINAL)?_mfvector:INTVEC_ADDRESS

.intvec         0x00000000       0x80 load address 0x60001448
                0x00000000                        _fvector_start = .
 *(.intvec)
 .intvec        0x00000000       0x40 ./rzt/fsp/src/bsp/cmsis/Device/RENESAS/Source/cr/startup_core.o
                0x00000000                __Vectors
 *(.reset_handler)
 .reset_handler
                0x00000040       0x40 ./rzt/fsp/src/bsp/cmsis/Device/RENESAS/Source/cr/startup_core.o
                0x00000040                Reset_Handler
                0x00000080                        . = ALIGN (0x80)
 *(.intvec_0x080)
                0x00000080                        . = ALIGN (0x80)
 *(.intvec_0x100)
                0x00000080                        . = ALIGN (0x80)
 *(.intvec_0x180)
                0x00000080                        . = ALIGN (0x80)
 *(.intvec_0x200)
                0x00000080                        . = ALIGN (0x80)
 *(.intvec_0x280)
                0x00000080                        . = ALIGN (0x80)
 *(.intvec_0x300)
                0x00000080                        . = ALIGN (0x80)
 *(.intvec_0x380)
                0x00000080                        . = ALIGN (0x80)
 *(.intvec_0x400)
                0x00000080                        . = ALIGN (0x80)
 *(.intvec_0x480)
                0x00000080                        . = ALIGN (0x80)
 *(.intvec_0x500)
                0x00000080                        . = ALIGN (0x80)
 *(.intvec_0x580)
                0x00000080                        . = ALIGN (0x80)
 *(.intvec_0x600)
                0x00000080                        . = ALIGN (0x80)
 *(.intvec_0x680)
                0x00000080                        . = ALIGN (0x80)
 *(.intvec_0x700)
                0x00000080                        . = ALIGN (0x80)
 *(.intvec_0x780)
                0x00000080                        _fvector_end = .

.image_info     0x000000c0        0x0
                0x000000c0                        _image_info_start = .
 *(.image_info)
                0x000000c0                        _image_info_end = .
                0x600014c8                        TEXT_IMAGE = (0x1 == _RZT_ORDINAL)?_mtext:TEXT_ADDRESS

.text           0x00000100    0x129f0 load address 0x600014c8
                0x00000100                        _text_start = .
 *(.text*)
 .text.get_imask
                0x00000100        0xa ./src/hal_data_new/System_API.o
                0x00000100                get_imask
 .text._ZNK9f_adj_acc5availEv
                0x0000010a       0x40 ./src/disco_nc/funcs/f_adj_acc.o
                0x0000010a                f_adj_acc::avail() const
 .text._ZNK7_tuppleIjjE8in_rangeERKS0_
                0x0000014a       0x1c ./src/disco_nc/funcs/f_correct.o
                0x0000014a                _tupple<unsigned int, unsigned int>::in_range(_tupple<unsigned int, unsigned int> const&) const
 .text._ZNK7_tuppleIiiE8in_rangeEi
                0x00000166       0x3a ./src/disco_nc/funcs/f_correct.o
                0x00000166                _tupple<int, int>::in_range(int) const
 .text._ZN7_tuppleIttE14force_in_rangeEt
                0x000001a0       0x32 ./src/disco_nc/funcs/f_correct.o
                0x000001a0                _tupple<unsigned short, unsigned short>::force_in_range(unsigned short)
 .text._ZN7_tuppleIjjE3setEjj
                0x000001d2        0xa ./src/disco_nc/funcs/f_correct.o
                0x000001d2                _tupple<unsigned int, unsigned int>::set(unsigned int, unsigned int)
 .text._ZNK7_tuppleIjjE8in_rangeEj
                0x000001dc       0x3a ./src/disco_nc/funcs/f_correct.o
                0x000001dc                _tupple<unsigned int, unsigned int>::in_range(unsigned int) const
 .text._ZN7_tuppleIiiE3setEii
                0x00000216        0xa ./src/disco_nc/funcs/f_correct.o
                0x00000216                _tupple<int, int>::set(int, int)
 .text._ZNK7_tuppleIllE8in_rangeEl
                0x00000220       0x3a ./src/disco_nc/funcs/f_correct.o
                0x00000220                _tupple<long, long>::in_range(long) const
 .text._ZN7_tuppleIllE14force_in_rangeEl
                0x0000025a       0x32 ./src/disco_nc/funcs/f_correct.o
                0x0000025a                _tupple<long, long>::force_in_range(long)
 .text._ZN7_tuppleIttE3setEtt
                0x0000028c        0xa ./src/disco_nc/funcs/f_correct.o
                0x0000028c                _tupple<unsigned short, unsigned short>::set(unsigned short, unsigned short)
 .text._ZN7_tuppleIssE3setEss
                0x00000296        0xa ./src/disco_nc/funcs/f_correct.o
                0x00000296                _tupple<short, short>::set(short, short)
 .text._ZN7_tuppleIllE3setEll
                0x000002a0        0xa ./src/disco_nc/funcs/f_correct.o
                0x000002a0                _tupple<long, long>::set(long, long)
 .text._ZNK7_tuppleIllE8in_rangeERKS0_
                0x000002aa       0x1c ./src/disco_nc/funcs/f_correct.o
                0x000002aa                _tupple<long, long>::in_range(_tupple<long, long> const&) const
 .text._ZNK7_tuppleIttE8in_rangeEt
                0x000002c6       0x3a ./src/disco_nc/funcs/f_correct.o
                0x000002c6                _tupple<unsigned short, unsigned short>::in_range(unsigned short) const
 .text._ZNK7_tuppleIttE8in_rangeERKS0_
                0x00000300       0x1c ./src/disco_nc/funcs/f_correct.o
                0x00000300                _tupple<unsigned short, unsigned short>::in_range(_tupple<unsigned short, unsigned short> const&) const
 .text._ZNK7_tuppleIiiE8in_rangeERKS0_
                0x0000031c       0x1c ./src/disco_nc/funcs/f_correct.o
                0x0000031c                _tupple<int, int>::in_range(_tupple<int, int> const&) const
 .text._ZN7_tuppleIiiE14force_in_rangeEi
                0x00000338       0x32 ./src/disco_nc/funcs/f_correct.o
                0x00000338                _tupple<int, int>::force_in_range(int)
 .text._ZNK7_tuppleIssE8in_rangeEs
                0x0000036a       0x40 ./src/disco_nc/funcs/f_correct.o
                0x0000036a                _tupple<short, short>::in_range(short) const
 .text._ZNK7_tuppleIssE8in_rangeERKS0_
                0x000003aa       0x20 ./src/disco_nc/funcs/f_correct.o
                0x000003aa                _tupple<short, short>::in_range(_tupple<short, short> const&) const
 .text._ZN7_tuppleIssE14force_in_rangeEs
                0x000003ca       0x38 ./src/disco_nc/funcs/f_correct.o
                0x000003ca                _tupple<short, short>::force_in_range(short)
 .text._ZN7_tuppleIjjE14force_in_rangeEj
                0x00000402       0x32 ./src/disco_nc/funcs/f_correct.o
                0x00000402                _tupple<unsigned int, unsigned int>::force_in_range(unsigned int)
 .text._ZNK11_wrap_value12_wrap_aroundElx
                0x00000434       0x5e ./src/disco_nc/funcs/f_correct.o
                0x00000434                _wrap_value::_wrap_around(long, long long) const
 .text._ZN5dpram12correct_dataEi
                0x00000492       0x32 ./src/disco_nc/funcs/f_correct.o
                0x00000492                dpram::correct_data(int)
 .text._ZN15dpram_interface11__write_chkEPvj
                0x000004c4       0x4c ./src/disco_nc/funcs/f_correct.o
                0x000004c4                dpram_interface::__write_chk(void*, unsigned int)
 .text._ZNK9f_correct5_condEv
                0x00000510       0x3a ./src/disco_nc/funcs/f_correct.o
                0x00000510                f_correct::_cond() const
 .text._ZNK9f_correct5_paraEv
                0x0000054a       0x3c ./src/disco_nc/funcs/f_correct.o
                0x0000054a                f_correct::_para() const
 .text._ZNK9f_correct7_statusEv
                0x00000586       0x3c ./src/disco_nc/funcs/f_correct.o
                0x00000586                f_correct::_status() const
 .text._ZNK9f_correct5_dataEi
                0x000005c2       0x24 ./src/disco_nc/funcs/f_correct.o
                0x000005c2                f_correct::_data(int) const
 *fill*         0x000005e6        0x2 
 .text._ZNK9f_correct5_dataE13_hosei_tuppleIiE
                0x000005e8       0x3c ./src/disco_nc/funcs/f_correct.o
                0x000005e8                f_correct::_data(_hosei_tupple<int>) const
 .text._ZNK9f_correct4_stsEv
                0x00000624        0xa ./src/disco_nc/funcs/f_correct.o
                0x00000624                f_correct::_sts() const
 .text._ZNK10_module_CP6offsetEi
                0x0000062e       0x44 ./src/disco_nc/funcs/f_correct.o
                0x0000062e                _module_CP::offset(int) const
 .text._ZNK10_module_CP3crdEi
                0x00000672       0x28 ./src/disco_nc/funcs/f_correct.o
                0x00000672                _module_CP::crd(int) const
 .text._ZN9f_correct4initEPv
                0x0000069a       0x94 ./src/disco_nc/funcs/f_correct.o
                0x0000069a                f_correct::init(void*)
 *fill*         0x0000072e        0x2 
 .text._ZNK9f_correct13_correct_typeEv
                0x00000730       0x70 ./src/disco_nc/funcs/f_correct.o
                0x00000730                f_correct::_correct_type() const
 .text._ZNK9f_correct9_real_idxEiiii
                0x000007a0       0x38 ./src/disco_nc/funcs/f_correct.o
                0x000007a0                f_correct::_real_idx(int, int, int, int) const
 .text._ZNK9f_correct9_real_idxEii13_hosei_tuppleIiEi
                0x000007d8       0x64 ./src/disco_nc/funcs/f_correct.o
                0x000007d8                f_correct::_real_idx(int, int, _hosei_tupple<int>, int) const
 .text._ZN15dpram_interface2_wItEEvPvT_
                0x0000083c       0x2a ./src/disco_nc/funcs/f_correct.o
                0x0000083c                void dpram_interface::_w<unsigned short>(void*, unsigned short)
 .text._ZN9f_correct24__set_dpram_detect_limitEv
                0x00000866       0x1e ./src/disco_nc/funcs/f_correct.o
                0x00000866                f_correct::__set_dpram_detect_limit()
 .text._ZN9f_correct17__set_dpram_exechEi
                0x00000884       0x16 ./src/disco_nc/funcs/f_correct.o
                0x00000884                f_correct::__set_dpram_exech(int)
 *fill*         0x0000089a        0x2 
 .text._ZN9f_correct18__set_dpram_areanoEii
                0x0000089c       0x60 ./src/disco_nc/funcs/f_correct.o
                0x0000089c                f_correct::__set_dpram_areano(int, int)
 .text._ZN9f_correct26__reset_dpram_hosei_statusEb
                0x000008fc       0x48 ./src/disco_nc/funcs/f_correct.o
                0x000008fc                f_correct::__reset_dpram_hosei_status(bool)
 .text._ZN9f_correct34__set_dpram_detect_start_cnd_errorEv
                0x00000944       0x26 ./src/disco_nc/funcs/f_correct.o
                0x00000944                f_correct::__set_dpram_detect_start_cnd_error()
 *fill*         0x0000096a        0x2 
 .text._Z8in_rangeIlEbT_S0_S0_
                0x0000096c       0x24 ./src/disco_nc/funcs/f_correct.o
                0x0000096c                bool in_range<long>(long, long, long)
 .text._Z14force_in_rangeIlET_S0_S0_S0_
                0x00000990       0x24 ./src/disco_nc/funcs/f_correct.o
                0x00000990                long force_in_range<long>(long, long, long)
 .text._Z8in_rangeIiEbT_S0_S0_
                0x000009b4       0x24 ./src/disco_nc/funcs/f_correct.o
                0x000009b4                bool in_range<int>(int, int, int)
 .text._ZNK9f_correct15hosei_start_cntEiib
                0x000009d8       0x6c ./src/disco_nc/funcs/f_correct.o
                0x000009d8                f_correct::hosei_start_cnt(int, int, bool) const
 .text._ZN13_hosei_tuppleIiE10calc_ratioEi
                0x00000a44       0xa4 ./src/disco_nc/funcs/f_correct.o
                0x00000a44                _hosei_tupple<int>::calc_ratio(int)
 .text._ZNK9f_correct10hosei_areaEiiPPKc
                0x00000ae8      0x134 ./src/disco_nc/funcs/f_correct.o
                0x00000ae8                f_correct::hosei_area(int, int, char const**) const
 .text._ZNK9f_correct4lineEv
                0x00000c1c       0xdc ./src/disco_nc/funcs/f_correct.o
                0x00000c1c                f_correct::line() const
 .text._ZNK9f_correct7surfaceEv
                0x00000cf8      0x394 ./src/disco_nc/funcs/f_correct.o
                0x00000cf8                f_correct::surface() const
 .text._ZNK9f_correct8_correctEv
                0x0000108c       0x68 ./src/disco_nc/funcs/f_correct.o
                0x0000108c                f_correct::_correct() const
 .text._ZN9f_correct7correctEv
                0x000010f4       0xf0 ./src/disco_nc/funcs/f_correct.o
                0x000010f4                f_correct::correct()
 .text._ZNK15f_triangle_flat4timeEv
                0x000011e4       0x3c ./src/disco_nc/funcs/f_triangle.o
                0x000011e4                f_triangle_flat::time() const
 .text._ZNSt17_Function_handlerIFvvEZN5timerC4EvEUlvE_E9_M_invokeERKSt9_Any_data
                0x00001220        0x2 ./src/disco_nc/CommonModule.o
                0x00001220                std::_Function_handler<void (), timer::timer()::{lambda()#1}>::_M_invoke(std::_Any_data const&)
 .text._ZNSt17_Function_handlerIFvvEZN5timerC4EvEUlvE_E10_M_managerERSt9_Any_dataRKS4_St18_Manager_operation
                0x00001222       0x1e ./src/disco_nc/CommonModule.o
                0x00001222                std::_Function_handler<void (), timer::timer()::{lambda()#1}>::_M_manager(std::_Any_data&, std::_Any_data const&, std::_Manager_operation)
 .text._ZNSt17_Function_handlerIFbvEZN5timerC4EvEUlvE0_E9_M_invokeERKSt9_Any_data
                0x00001240        0x4 ./src/disco_nc/CommonModule.o
                0x00001240                std::_Function_handler<bool (), timer::timer()::{lambda()#2}>::_M_invoke(std::_Any_data const&)
 .text._ZNSt17_Function_handlerIFbvEZN5timerC4EvEUlvE0_E10_M_managerERSt9_Any_dataRKS4_St18_Manager_operation
                0x00001244       0x1e ./src/disco_nc/CommonModule.o
                0x00001244                std::_Function_handler<bool (), timer::timer()::{lambda()#2}>::_M_manager(std::_Any_data&, std::_Any_data const&, std::_Manager_operation)
 .text._ZNSt14_Function_baseD2Ev
                0x00001262       0x12 ./src/disco_nc/CommonModule.o
                0x00001262                std::_Function_base::~_Function_base()
                0x00001262                std::_Function_base::~_Function_base()
 .text._ZN3QueI5timerLj32EED2Ev
                0x00001274       0x26 ./src/disco_nc/CommonModule.o
                0x00001274                Que<timer, 32u>::~Que()
                0x00001274                Que<timer, 32u>::~Que()
 .text._ZN5disco9set_imaskEi
                0x0000129a       0x14 ./src/disco_nc/CommonModule.o
                0x0000129a                disco::set_imask(int)
 .text._ZN5disco18set_imask_at_leastEi
                0x000012ae       0x1e ./src/disco_nc/CommonModule.o
                0x000012ae                disco::set_imask_at_least(int)
 .text._ZN5timerC2Ev
                0x000012cc       0x4e ./src/disco_nc/CommonModule.o
                0x000012cc                timer::timer()
                0x000012cc                timer::timer()
 .text._Z7_AssertbPKcz
                0x0000131a       0x20 ./src/disco_nc/CommonModule.o
                0x0000131a                _Assert(bool, char const*, ...)
 .text._Z10vsprintf_sPcjPKcRSt9__va_list
                0x0000133a       0x2e ./src/disco_nc/CommonModule.o
                0x0000133a                vsprintf_s(char*, unsigned int, char const*, std::__va_list&)
 .text._Z9sprintf_sPcjPKcz
                0x00001368       0x1e ./src/disco_nc/CommonModule.o
                0x00001368                sprintf_s(char*, unsigned int, char const*, ...)
 .text._Z12__boolAssertbPKcSt9__va_list
                0x00001386       0x42 ./src/disco_nc/CommonModule.o
                0x00001386                __boolAssert(bool, char const*, std::__va_list)
 .text._Z11_boolAssertbPKcz
                0x000013c8       0x1c ./src/disco_nc/CommonModule.o
                0x000013c8                _boolAssert(bool, char const*, ...)
 .text._ZN5mutex3getEPKvb
                0x000013e4       0x6a ./src/disco_nc/CommonModule.o
                0x000013e4                mutex::get(void const*, bool)
 .text._ZN16critical_section3getEPKvb
                0x0000144e       0x20 ./src/disco_nc/CommonModule.o
                0x0000144e                critical_section::get(void const*, bool)
 .text._ZN5mutex7releaseEPKvb
                0x0000146e       0x46 ./src/disco_nc/CommonModule.o
                0x0000146e                mutex::release(void const*, bool)
 .text._ZN16critical_section7releaseEPKvb
                0x000014b4       0x32 ./src/disco_nc/CommonModule.o
                0x000014b4                critical_section::release(void const*, bool)
 .text._ZN7historyI7seq_logLj1024EEC2Ev
                0x000014e6       0x52 ./src/disco_nc/CommonModule.o
                0x000014e6                history<seq_log, 1024u>::history()
                0x000014e6                history<seq_log, 1024u>::history()
 .text._ZN3QueI5timerLj32EEC2Ev
                0x00001538       0x36 ./src/disco_nc/CommonModule.o
                0x00001538                Que<timer, 32u>::Que()
                0x00001538                Que<timer, 32u>::Que()
 .text._Z41__static_initialization_and_destruction_0v
                0x0000156e       0x34 ./src/disco_nc/CommonModule.o
 .text._GLOBAL__sub_I__Z10vsprintf_sPcjPKcRSt9__va_list
                0x000015a2        0x8 ./src/disco_nc/CommonModule.o
 .text._ZNK13_pulse_module6ampoutEv
                0x000015aa        0x4 ./src/disco_nc/axis.o
                0x000015aa                _pulse_module::ampout() const
 .text._ZN13_pulse_module5resetEv
                0x000015ae       0x10 ./src/disco_nc/axis.o
                0x000015ae                _pulse_module::reset()
 .text._ZN10_module_CP5resetEv
                0x000015be       0x32 ./src/disco_nc/axis.o
                0x000015be                _module_CP::reset()
 .text._ZNK10_module_CP6ampoutEv
                0x000015f0        0x4 ./src/disco_nc/axis.o
                0x000015f0                _module_CP::ampout() const
 .text._ZN5pulse13_chg_accuracyEl
                0x000015f4       0x12 ./src/disco_nc/axis.o
                0x000015f4                pulse::_chg_accuracy(long)
 .text._ZN4task8_prepareERSt9__va_list
                0x00001606        0x4 ./src/disco_nc/axis.o
                0x00001606                task::_prepare(std::__va_list&)
 .text._ZNK4task14chk_param_sameESt9__va_list
                0x0000160a        0x4 ./src/disco_nc/axis.o
                0x0000160a                task::chk_param_same(std::__va_list) const
 .text._ZN4task5resetEv
                0x0000160e        0xa ./src/disco_nc/axis.o
                0x0000160e                task::reset()
 .text._ZN4task9set_ownerEPKv
                0x00001618        0x4 ./src/disco_nc/axis.o
                0x00001618                task::set_owner(void const*)
 .text._ZN8nop_task3runEv
                0x0000161c        0x8 ./src/disco_nc/axis.o
                0x0000161c                nop_task::run()
 .text._ZN7_tuppleIixE14force_in_rangeEi
                0x00001624       0x32 ./src/disco_nc/axis.o
                0x00001624                _tupple<int, long long>::force_in_range(int)
 .text._ZN7_tuppleIixE3setEii
                0x00001656        0xa ./src/disco_nc/axis.o
                0x00001656                _tupple<int, long long>::set(int, int)
 .text._ZNK7_tuppleIixE8in_rangeEi
                0x00001660       0x3a ./src/disco_nc/axis.o
                0x00001660                _tupple<int, long long>::in_range(int) const
 .text._ZN7_tuppleIijE3setEii
                0x0000169a        0xa ./src/disco_nc/axis.o
                0x0000169a                _tupple<int, unsigned int>::set(int, int)
 .text._ZNK7_tuppleIijE8in_rangeEi
                0x000016a4       0x3a ./src/disco_nc/axis.o
                0x000016a4                _tupple<int, unsigned int>::in_range(int) const
 .text._ZNSt17_Function_handlerIFvvEZN4axis15__task_fin_funcEizEUlvE_E9_M_invokeERKSt9_Any_data
                0x000016de        0x2 ./src/disco_nc/axis.o
 .text._ZNSt17_Function_handlerIFvvEZN4axis15__task_fin_funcEizEUlvE_E10_M_managerERSt9_Any_dataRKS4_St18_Manager_operation
                0x000016e0       0x1e ./src/disco_nc/axis.o
 .text._ZNSt17_Function_handlerIFvvEZN5tasks5resetEvEUlvE_E9_M_invokeERKSt9_Any_data
                0x000016fe        0x2 ./src/disco_nc/axis.o
                0x000016fe                std::_Function_handler<void (), tasks::reset()::{lambda()#1}>::_M_invoke(std::_Any_data const&)
 .text._ZNSt17_Function_handlerIFvvEZN5tasks5resetEvEUlvE_E10_M_managerERSt9_Any_dataRKS4_St18_Manager_operation
                0x00001700       0x1e ./src/disco_nc/axis.o
                0x00001700                std::_Function_handler<void (), tasks::reset()::{lambda()#1}>::_M_manager(std::_Any_data&, std::_Any_data const&, std::_Manager_operation)
 .text._ZNSt17_Function_handlerIFvvEZN4axis15__task_fin_funcEizEUlvE6_E9_M_invokeERKSt9_Any_data
                0x0000171e        0x2 ./src/disco_nc/axis.o
 .text._ZNSt17_Function_handlerIFvvEZN4axis15__task_fin_funcEizEUlvE6_E10_M_managerERSt9_Any_dataRKS4_St18_Manager_operation
                0x00001720       0x1e ./src/disco_nc/axis.o
 .text._ZNSt14_Function_base13_Base_managerIZN4axis15__task_fin_funcEizEUlvE0_E10_M_managerERSt9_Any_dataRKS4_St18_Manager_operation
                0x0000173e       0x1e ./src/disco_nc/axis.o
 .text._ZNSt17_Function_handlerIFvvEZN4axis15__task_fin_funcEizEUlvE0_E10_M_managerERSt9_Any_dataRKS4_St18_Manager_operation
                0x0000175c       0x14 ./src/disco_nc/axis.o
 .text._ZNSt14_Function_base13_Base_managerIZN4axis15__task_fin_funcEizEUlvE1_E10_M_managerERSt9_Any_dataRKS4_St18_Manager_operation
                0x00001770       0x1e ./src/disco_nc/axis.o
 .text._ZNSt17_Function_handlerIFvvEZN4axis15__task_fin_funcEizEUlvE1_E10_M_managerERSt9_Any_dataRKS4_St18_Manager_operation
                0x0000178e       0x14 ./src/disco_nc/axis.o
 .text._ZNSt14_Function_base13_Base_managerIZN4axis15__task_fin_funcEizEUlvE2_E10_M_managerERSt9_Any_dataRKS4_St18_Manager_operation
                0x000017a2       0x1e ./src/disco_nc/axis.o
 .text._ZNSt17_Function_handlerIFvvEZN4axis15__task_fin_funcEizEUlvE2_E10_M_managerERSt9_Any_dataRKS4_St18_Manager_operation
                0x000017c0       0x14 ./src/disco_nc/axis.o
 .text._ZNSt14_Function_base13_Base_managerIZN4axis15__task_fin_funcEizEUlvE3_E10_M_managerERSt9_Any_dataRKS4_St18_Manager_operation
                0x000017d4       0x1e ./src/disco_nc/axis.o
 .text._ZNSt17_Function_handlerIFvvEZN4axis15__task_fin_funcEizEUlvE3_E10_M_managerERSt9_Any_dataRKS4_St18_Manager_operation
                0x000017f2       0x14 ./src/disco_nc/axis.o
 .text._ZNSt14_Function_base13_Base_managerIZN4axis15__task_fin_funcEizEUlvE4_E10_M_managerERSt9_Any_dataRKS4_St18_Manager_operation
                0x00001806       0x1e ./src/disco_nc/axis.o
 .text._ZNSt17_Function_handlerIFvvEZN4axis15__task_fin_funcEizEUlvE4_E10_M_managerERSt9_Any_dataRKS4_St18_Manager_operation
                0x00001824       0x14 ./src/disco_nc/axis.o
 .text._ZNSt14_Function_base13_Base_managerIZN4axis15__task_fin_funcEizEUlvE5_E10_M_managerERSt9_Any_dataRKS4_St18_Manager_operation
                0x00001838       0x1e ./src/disco_nc/axis.o
 .text._ZNSt17_Function_handlerIFvvEZN4axis15__task_fin_funcEizEUlvE5_E10_M_managerERSt9_Any_dataRKS4_St18_Manager_operation
                0x00001856       0x14 ./src/disco_nc/axis.o
 .text._ZNK7_tuppleIijE8in_rangeERKS_IiiE
                0x0000186a       0x1c ./src/disco_nc/axis.o
                0x0000186a                _tupple<int, unsigned int>::in_range(_tupple<int, int> const&) const
 .text._ZN7_tuppleIijE14force_in_rangeEi
                0x00001886       0x32 ./src/disco_nc/axis.o
                0x00001886                _tupple<int, unsigned int>::force_in_range(int)
 .text._ZNK7_tuppleIixE8in_rangeERKS_IiiE
                0x000018b8       0x1c ./src/disco_nc/axis.o
                0x000018b8                _tupple<int, long long>::in_range(_tupple<int, int> const&) const
 .text._ZN5pulse12_chg_ctrlmodEi
                0x000018d4       0x22 ./src/disco_nc/axis.o
                0x000018d4                pulse::_chg_ctrlmod(int)
 .text._ZN9accurizedIxlE10set_by_valEl
                0x000018f6       0x44 ./src/disco_nc/axis.o
                0x000018f6                accurized<long long, long>::set_by_val(long)
 .text._ZNSt14_Function_base13_Base_managerIZN4axis6_resetEiEUlvE_E10_M_destroyERSt9_Any_dataSt17integral_constantIbLb0EE
                0x0000193a       0x14 ./src/disco_nc/axis.o
 .text._ZN11_wrap_value7set_valEi
                0x0000194e       0x12 ./src/disco_nc/axis.o
                0x0000194e                _wrap_value::set_val(int)
 .text._ZN10_module_CP10set_by_valEl
                0x00001960       0x12 ./src/disco_nc/axis.o
                0x00001960                _module_CP::set_by_val(long)
 .text._ZN11_wrap_value3setEiii
                0x00001972       0x3e ./src/disco_nc/axis.o
                0x00001972                _wrap_value::set(int, int, int)
 .text._ZN11_wrap_value3setEii
                0x000019b0       0x1e ./src/disco_nc/axis.o
                0x000019b0                _wrap_value::set(int, int)
 *fill*         0x000019ce        0x2 
 .text._ZNK11_wrap_value13positive_distEx
                0x000019d0       0x80 ./src/disco_nc/axis.o
                0x000019d0                _wrap_value::positive_dist(long long) const
 .text._ZNK11_wrap_value13nevative_distEx
                0x00001a50       0x80 ./src/disco_nc/axis.o
                0x00001a50                _wrap_value::nevative_dist(long long) const
 .text._ZNK11_wrap_value8distanceEiRii
                0x00001ad0       0x82 ./src/disco_nc/axis.o
                0x00001ad0                _wrap_value::distance(int, int&, int) const
 .text._ZN12arg_templateC2EiSt9__va_list
                0x00001b52       0x56 ./src/disco_nc/axis.o
                0x00001b52                arg_template::arg_template(int, std::__va_list)
                0x00001b52                arg_template::arg_template(int, std::__va_list)
 .text._ZN12arg_templateC2Eiz
                0x00001ba8       0x2c ./src/disco_nc/axis.o
                0x00001ba8                arg_template::arg_template(int, ...)
                0x00001ba8                arg_template::arg_template(int, ...)
 .text._ZNK12arg_templateeqERKS_
                0x00001bd4       0x32 ./src/disco_nc/axis.o
                0x00001bd4                arg_template::operator==(arg_template const&) const
 .text._ZNK12arg_template11byte_offsetEi
                0x00001c06       0x3c ./src/disco_nc/axis.o
                0x00001c06                arg_template::byte_offset(int) const
 .text._ZN13arg_container4saveERSt9__va_list
                0x00001c42       0x7a ./src/disco_nc/axis.o
                0x00001c42                arg_container::save(std::__va_list&)
 .text._ZN13arg_containerC2ERK12arg_templateRSt9__va_list
                0x00001cbc       0x24 ./src/disco_nc/axis.o
                0x00001cbc                arg_container::arg_container(arg_template const&, std::__va_list&)
                0x00001cbc                arg_container::arg_container(arg_template const&, std::__va_list&)
 .text._ZNK13arg_containereqERKS_
                0x00001ce0       0x3a ./src/disco_nc/axis.o
                0x00001ce0                arg_container::operator==(arg_container const&) const
 *fill*         0x00001d1a        0x2 
 .text._ZN10_module_CTC2Ev
                0x00001d1c       0x44 ./src/disco_nc/axis.o
                0x00001d1c                _module_CT::_module_CT()
                0x00001d1c                _module_CT::_module_CT()
 .text._ZN10_module_CPC2Ev
                0x00001d60       0x74 ./src/disco_nc/axis.o
                0x00001d60                _module_CP::_module_CP()
                0x00001d60                _module_CP::_module_CP()
 .text._ZNK10_module_CP17crd_by_external_vEii
                0x00001dd4       0x1c ./src/disco_nc/axis.o
                0x00001dd4                _module_CP::crd_by_external_v(int, int) const
 .text._ZNK10_module_CP11wrapped_valEi
                0x00001df0       0x50 ./src/disco_nc/axis.o
                0x00001df0                _module_CP::wrapped_val(int) const
 .text._ZN5pulseC2Ev
                0x00001e40       0x34 ./src/disco_nc/axis.o
                0x00001e40                pulse::pulse()
                0x00001e40                pulse::pulse()
 .text._ZN5pulse5resetEv
                0x00001e74       0x22 ./src/disco_nc/axis.o
                0x00001e74                pulse::reset()
 .text._ZN21multi_pulse_generator5resetEv
                0x00001e96       0x16 ./src/disco_nc/axis.o
                0x00001e96                multi_pulse_generator::reset()
 .text._ZN15dpram_interfaceC2Ev
                0x00001eac       0x34 ./src/disco_nc/axis.o
                0x00001eac                dpram_interface::dpram_interface()
                0x00001eac                dpram_interface::dpram_interface()
 .text._ZN17pulse_scenario_CT5resetEv
                0x00001ee0       0x54 ./src/disco_nc/axis.o
                0x00001ee0                pulse_scenario_CT::reset()
 .text._ZN17pulse_scenario_CTC2Ev
                0x00001f34       0x40 ./src/disco_nc/axis.o
                0x00001f34                pulse_scenario_CT::pulse_scenario_CT()
                0x00001f34                pulse_scenario_CT::pulse_scenario_CT()
 .text._ZN17pulse_scenario_CP5resetEv
                0x00001f74       0x88 ./src/disco_nc/axis.o
                0x00001f74                pulse_scenario_CP::reset()
 .text._ZN17pulse_scenario_CPC2Ev
                0x00001ffc       0x78 ./src/disco_nc/axis.o
                0x00001ffc                pulse_scenario_CP::pulse_scenario_CP()
                0x00001ffc                pulse_scenario_CP::pulse_scenario_CP()
 .text._ZN17pulse_scenario_CP13calc_dv_amariEl
                0x00002074       0x8a ./src/disco_nc/axis.o
                0x00002074                pulse_scenario_CP::calc_dv_amari(long)
 .text._ZN14pulse_scenario5resetEv
                0x000020fe       0x36 ./src/disco_nc/axis.o
                0x000020fe                pulse_scenario::reset()
 .text._ZN17pulse_scenario_CPaSERKS_
                0x00002134       0xd2 ./src/disco_nc/axis.o
                0x00002134                pulse_scenario_CP::operator=(pulse_scenario_CP const&)
 .text._ZN14pulse_scenarioC2ERK17pulse_scenario_CP
                0x00002206       0x48 ./src/disco_nc/axis.o
                0x00002206                pulse_scenario::pulse_scenario(pulse_scenario_CP const&)
                0x00002206                pulse_scenario::pulse_scenario(pulse_scenario_CP const&)
 .text._ZN17pulse_scenario_CTaSERKS_
                0x0000224e       0x3e ./src/disco_nc/axis.o
                0x0000224e                pulse_scenario_CT::operator=(pulse_scenario_CT const&)
 .text._ZN14pulse_scenarioC2ERK17pulse_scenario_CT
                0x0000228c       0x4a ./src/disco_nc/axis.o
                0x0000228c                pulse_scenario::pulse_scenario(pulse_scenario_CT const&)
                0x0000228c                pulse_scenario::pulse_scenario(pulse_scenario_CT const&)
 .text._ZN14pulse_scenarioC2ERK20pulse_scenario_Multi
                0x000022d6       0x76 ./src/disco_nc/axis.o
                0x000022d6                pulse_scenario::pulse_scenario(pulse_scenario_Multi const&)
                0x000022d6                pulse_scenario::pulse_scenario(pulse_scenario_Multi const&)
 .text._ZN15pulse_generator12set_scenarioERK17pulse_scenario_CP
                0x0000234c       0x1a ./src/disco_nc/axis.o
                0x0000234c                pulse_generator::set_scenario(pulse_scenario_CP const&)
 .text._ZN15pulse_generator12set_scenarioERK17pulse_scenario_CT
                0x00002366       0x1a ./src/disco_nc/axis.o
                0x00002366                pulse_generator::set_scenario(pulse_scenario_CT const&)
 .text._ZN15pulse_generator12set_scenarioERK20pulse_scenario_Multi
                0x00002380       0x1a ./src/disco_nc/axis.o
                0x00002380                pulse_generator::set_scenario(pulse_scenario_Multi const&)
 .text._ZN13gen_container3getEiPv
                0x0000239a       0x8c ./src/disco_nc/axis.o
                0x0000239a                gen_container::get(int, void*)
 .text._ZN21multi_pulse_generator13__constructorEv
                0x00002426       0x20 ./src/disco_nc/axis.o
                0x00002426                multi_pulse_generator::__constructor()
 .text._ZNK21multi_pulse_generator10_generatorEib
                0x00002446       0x48 ./src/disco_nc/axis.o
                0x00002446                multi_pulse_generator::_generator(int, bool) const
 *fill*         0x0000248e        0x2 
 .text._ZN21multi_pulse_generatorC2Ev
                0x00002490       0x1c ./src/disco_nc/axis.o
                0x00002490                multi_pulse_generator::multi_pulse_generator()
                0x00002490                multi_pulse_generator::multi_pulse_generator()
 .text._ZN21multi_pulse_generator12chg_accuracyEl
                0x000024ac       0x40 ./src/disco_nc/axis.o
                0x000024ac                multi_pulse_generator::chg_accuracy(long)
 .text._ZNK15f_triangle_flat5availEv
                0x000024ec       0x28 ./src/disco_nc/axis.o
                0x000024ec                f_triangle_flat::avail() const
 .text._ZNK4task10get_resultEPvi
                0x00002514       0x48 ./src/disco_nc/axis.o
                0x00002514                task::get_result(void*, int) const
 .text._ZN8nop_taskC2EPKv
                0x0000255c       0x60 ./src/disco_nc/axis.o
                0x0000255c                nop_task::nop_task(void const*)
                0x0000255c                nop_task::nop_task(void const*)
 .text._ZN8servo_onC2EPKv
                0x000025bc       0x64 ./src/disco_nc/axis.o
                0x000025bc                servo_on::servo_on(void const*)
                0x000025bc                servo_on::servo_on(void const*)
 .text._ZN9servo_offC2EPKv
                0x00002620       0x64 ./src/disco_nc/axis.o
                0x00002620                servo_off::servo_off(void const*)
                0x00002620                servo_off::servo_off(void const*)
 .text._ZN15non_cyclic_taskC2EiiRK12arg_templateRKN4task11RESULT_INFOEPKv
                0x00002684       0x5c ./src/disco_nc/axis.o
                0x00002684                non_cyclic_task::non_cyclic_task(int, int, arg_template const&, task::RESULT_INFO const&, void const*)
                0x00002684                non_cyclic_task::non_cyclic_task(int, int, arg_template const&, task::RESULT_INFO const&, void const*)
 .text._ZN14servo_para_cmdC2EtiPKv
                0x000026e0       0x74 ./src/disco_nc/axis.o
                0x000026e0                servo_para_cmd::servo_para_cmd(unsigned short, int, void const*)
                0x000026e0                servo_para_cmd::servo_para_cmd(unsigned short, int, void const*)
 .text._ZN16servo_alarm_taskC2Ev
                0x00002754       0x4c ./src/disco_nc/axis.o
                0x00002754                servo_alarm_task::servo_alarm_task()
                0x00002754                servo_alarm_task::servo_alarm_task()
 .text._ZN20servo_alarm_clr_taskC2Ev
                0x000027a0       0x50 ./src/disco_nc/axis.o
                0x000027a0                servo_alarm_clr_task::servo_alarm_clr_task()
                0x000027a0                servo_alarm_clr_task::servo_alarm_clr_task()
 .text._ZN12monitor_taskC2EPKv
                0x000027f0       0x4c ./src/disco_nc/axis.o
                0x000027f0                monitor_task::monitor_task(void const*)
                0x000027f0                monitor_task::monitor_task(void const*)
 .text._ZN14amp_reset_taskC2EPKv
                0x0000283c       0x54 ./src/disco_nc/axis.o
                0x0000283c                amp_reset_task::amp_reset_task(void const*)
                0x0000283c                amp_reset_task::amp_reset_task(void const*)
 .text._ZN21abs_encoder_read_taskC2EPKv
                0x00002890       0x74 ./src/disco_nc/axis.o
                0x00002890                abs_encoder_read_task::abs_encoder_read_task(void const*)
                0x00002890                abs_encoder_read_task::abs_encoder_read_task(void const*)
 .text._ZN20abs_encoder_clr_taskC2EPKv
                0x00002904       0x48 ./src/disco_nc/axis.o
                0x00002904                abs_encoder_clr_task::abs_encoder_clr_task(void const*)
                0x00002904                abs_encoder_clr_task::abs_encoder_clr_task(void const*)
 .text._ZN9task_argseqERKS_
                0x0000294c       0x18 ./src/disco_nc/axis.o
                0x0000294c                task_args::operator==(task_args const&)
 .text._ZN3QueI9task_argsLj32EED2Ev
                0x00002964       0x20 ./src/disco_nc/axis.o
                0x00002964                Que<task_args, 32u>::~Que()
                0x00002964                Que<task_args, 32u>::~Que()
 .text._ZNK5tasks3repEi
                0x00002984       0x34 ./src/disco_nc/axis.o
                0x00002984                tasks::rep(int) const
 .text._ZNK3acc8accuracyEv
                0x000029b8       0x2c ./src/disco_nc/axis.o
                0x000029b8                acc::accuracy() const
 .text._ZN3acc3setERK9accurizedIxlElll
                0x000029e4      0x102 ./src/disco_nc/axis.o
                0x000029e4                acc::set(accurized<long long, long> const&, long, long, long)
 *fill*         0x00002ae6        0x2 
 .text._ZN3accC2Ev
                0x00002ae8       0x3c ./src/disco_nc/axis.o
                0x00002ae8                acc::acc()
                0x00002ae8                acc::acc()
 .text._ZN19ST_2P_AXIS_SNAPSHOTC2Ev
                0x00002b24       0xa4 ./src/disco_nc/axis.o
                0x00002b24                ST_2P_AXIS_SNAPSHOT::ST_2P_AXIS_SNAPSHOT()
                0x00002b24                ST_2P_AXIS_SNAPSHOT::ST_2P_AXIS_SNAPSHOT()
 .text._Z16axis_obj_startedv
                0x00002bc8        0xc ./src/disco_nc/axis.o
                0x00002bc8                axis_obj_started()
 .text._Z10axis_obj_nv
                0x00002bd4        0xc ./src/disco_nc/axis.o
                0x00002bd4                axis_obj_n()
 .text._Z14axis_obj_n_allv
                0x00002be0        0x4 ./src/disco_nc/axis.o
                0x00002be0                axis_obj_n_all()
 .text._Z12axis_obj_adri
                0x00002be4       0x1a ./src/disco_nc/axis.o
                0x00002be4                axis_obj_adr(int)
 .text._Z12axis_obj_idxPKv
                0x00002bfe       0x26 ./src/disco_nc/axis.o
                0x00002bfe                axis_obj_idx(void const*)
 .text._ZN3accaSERKS_
                0x00002c24       0x3e ./src/disco_nc/axis.o
                0x00002c24                acc::operator=(acc const&)
 .text._ZN19ST_2P_AXIS_SNAPSHOTaSERKS_
                0x00002c62       0xea ./src/disco_nc/axis.o
                0x00002c62                ST_2P_AXIS_SNAPSHOT::operator=(ST_2P_AXIS_SNAPSHOT const&)
 .text._ZN17pulse_scenario_CPaSEOS_
                0x00002d4c       0xd2 ./src/disco_nc/axis.o
                0x00002d4c                pulse_scenario_CP::operator=(pulse_scenario_CP&&)
 *fill*         0x00002e1e        0x2 
 .text._ZN4axis9_constantERK9accurizedIxlEl
                0x00002e20       0xcc ./src/disco_nc/axis.o
                0x00002e20                axis::_constant(accurized<long long, long> const&, long)
 .text._ZNK4axis10fb_counterE3Crd
                0x00002eec       0x24 ./src/disco_nc/axis.o
                0x00002eec                axis::fb_counter(Crd) const
 .text._ZNK4axis7warningEv
                0x00002f10        0xa ./src/disco_nc/axis.o
                0x00002f10                axis::warning() const
 .text._ZNSt8functionIFvvEEC2ERKS1_
                0x00002f1a       0x24 ./src/disco_nc/axis.o
                0x00002f1a                std::function<void ()>::function(std::function<void ()> const&)
                0x00002f1a                std::function<void ()>::function(std::function<void ()> const&)
 .text._ZNSt14_Function_base13_Base_managerIZN4axis6_resetEiEUlvE_E9_M_createIRKS2_EEvRSt9_Any_dataOT_St17integral_constantIbLb0EE
                0x00002f3e       0x1c ./src/disco_nc/axis.o
 .text._ZNSt14_Function_base13_Base_managerIZN4axis6_resetEiEUlvE_E10_M_managerERSt9_Any_dataRKS4_St18_Manager_operation
                0x00002f5a       0x32 ./src/disco_nc/axis.o
 .text._ZNSt17_Function_handlerIFvvEZN4axis6_resetEiEUlvE_E10_M_managerERSt9_Any_dataRKS4_St18_Manager_operation
                0x00002f8c       0x14 ./src/disco_nc/axis.o
 .text._ZNKSt8functionIFvvEEclEv
                0x00002fa0       0x10 ./src/disco_nc/axis.o
                0x00002fa0                std::function<void ()>::operator()() const
 .text._ZN9accurizedIxlE12chg_accuracyEl
                0x00002fb0       0xb8 ./src/disco_nc/axis.o
                0x00002fb0                accurized<long long, long>::chg_accuracy(long)
 .text._ZN13_pulse_module12chg_accuracyEl
                0x00003068       0x2c ./src/disco_nc/axis.o
                0x00003068                _pulse_module::chg_accuracy(long)
 .text._ZNK9accurizedIxlEeqERKS0_
                0x00003094       0x40 ./src/disco_nc/axis.o
                0x00003094                accurized<long long, long>::operator==(accurized<long long, long> const&) const
 .text._ZNK9accurizedIxlEmiERKS0_
                0x000030d4       0x68 ./src/disco_nc/axis.o
                0x000030d4                accurized<long long, long>::operator-(accurized<long long, long> const&) const
 .text._ZN4axis5__accERK9accurizedIxlES3_S3_
                0x0000313c      0x1f8 ./src/disco_nc/axis.o
                0x0000313c                axis::__acc(accurized<long long, long> const&, accurized<long long, long> const&, accurized<long long, long> const&)
 .text._ZN4axis4_accERK9accurizedIxlES3_RK3acc
                0x00003334       0x2a ./src/disco_nc/axis.o
                0x00003334                axis::_acc(accurized<long long, long> const&, accurized<long long, long> const&, acc const&)
 .text._ZN4axis4_decERK9accurizedIxlERK3accS3_
                0x0000335e       0x16 ./src/disco_nc/axis.o
                0x0000335e                axis::_dec(accurized<long long, long> const&, acc const&, accurized<long long, long> const&)
 .text._ZN4axis4_decERK9accurizedIxlERK3acc
                0x00003374       0x5c ./src/disco_nc/axis.o
                0x00003374                axis::_dec(accurized<long long, long> const&, acc const&)
 .text._ZN4axis14_triangle_flatERK9accurizedIxlES3_lRK3accR17pulse_scenario_CPS8_S8_
                0x000033d0      0x3d0 ./src/disco_nc/axis.o
                0x000033d0                axis::_triangle_flat(accurized<long long, long> const&, accurized<long long, long> const&, long, acc const&, pulse_scenario_CP&, pulse_scenario_CP&, pulse_scenario_CP&)
 .text._ZN4axis18_correct_calc_missERK9accurizedIxlES3_lRK3accR17pulse_scenario_CPS8_S8_
                0x000037a0      0x2c8 ./src/disco_nc/axis.o
                0x000037a0                axis::_correct_calc_miss(accurized<long long, long> const&, accurized<long long, long> const&, long, acc const&, pulse_scenario_CP&, pulse_scenario_CP&, pulse_scenario_CP&)
 .text._ZN4axis10_adj_au_adERK9accurizedIxlES3_lR17pulse_scenario_CPS5_S5_
                0x00003a68      0x160 ./src/disco_nc/axis.o
                0x00003a68                axis::_adj_au_ad(accurized<long long, long> const&, accurized<long long, long> const&, long, pulse_scenario_CP&, pulse_scenario_CP&, pulse_scenario_CP&)
 .text._ZN8obj_poolI4stopLj64EE3getEPv
                0x00003bc8       0x84 ./src/disco_nc/axis.o
                0x00003bc8                obj_pool<stop, 64u>::get(void*)
 .text._ZN21multi_pulse_generator13add_generatorEP15pulse_generatorb
                0x00003c4c       0xb0 ./src/disco_nc/axis.o
                0x00003c4c                multi_pulse_generator::add_generator(pulse_generator*, bool)
 .text._ZN4axis26_make_immediate_stop_pulseER21multi_pulse_generator
                0x00003cfc       0x36 ./src/disco_nc/axis.o
                0x00003cfc                axis::_make_immediate_stop_pulse(multi_pulse_generator&)
 .text._ZN9task_argsC2Ev
                0x00003d32       0x28 ./src/disco_nc/axis.o
                0x00003d32                task_args::task_args()
                0x00003d32                task_args::task_args()
 .text._ZN3QueI9task_argsLj32EEC2Ev
                0x00003d5a       0x50 ./src/disco_nc/axis.o
                0x00003d5a                Que<task_args, 32u>::Que()
                0x00003d5a                Que<task_args, 32u>::Que()
 .text._ZN7historyI4_logILj64EELj6EEC2Ev
                0x00003daa       0x58 ./src/disco_nc/axis.o
                0x00003daa                history<_log<64u>, 6u>::history()
                0x00003daa                history<_log<64u>, 6u>::history()
 .text._ZN4axis11_set_ncstatEttt
                0x00003e02       0x74 ./src/disco_nc/axis.o
                0x00003e02                axis::_set_ncstat(unsigned short, unsigned short, unsigned short)
 .text._ZZN4axis6_resetEiENKUlvE_clEv
                0x00003e76       0x18 ./src/disco_nc/axis.o
 .text._ZSt10__invoke_rIvRZN4axis6_resetEiEUlvE_JEENSt9enable_ifIXsrSt7is_voidIT_E5valueES5_E4typeEOT0_DpOT1_
                0x00003e8e        0x8 ./src/disco_nc/axis.o
 .text._ZNSt17_Function_handlerIFvvEZN4axis6_resetEiEUlvE_E9_M_invokeERKSt9_Any_data
                0x00003e96        0xa ./src/disco_nc/axis.o
 .text._ZZN4axis15__task_fin_funcEizENKUlvE0_clEv
                0x00003ea0       0x16 ./src/disco_nc/axis.o
 .text._ZSt10__invoke_rIvRZN4axis15__task_fin_funcEizEUlvE0_JEENSt9enable_ifIXsrSt7is_voidIT_E5valueES5_E4typeEOT0_DpOT1_
                0x00003eb6        0x8 ./src/disco_nc/axis.o
 .text._ZNSt17_Function_handlerIFvvEZN4axis15__task_fin_funcEizEUlvE0_E9_M_invokeERKSt9_Any_data
                0x00003ebe        0x8 ./src/disco_nc/axis.o
 .text._ZZN4axis15__task_fin_funcEizENKUlvE1_clEv
                0x00003ec6       0x56 ./src/disco_nc/axis.o
 .text._ZSt10__invoke_rIvRZN4axis15__task_fin_funcEizEUlvE1_JEENSt9enable_ifIXsrSt7is_voidIT_E5valueES5_E4typeEOT0_DpOT1_
                0x00003f1c        0x8 ./src/disco_nc/axis.o
 .text._ZNSt17_Function_handlerIFvvEZN4axis15__task_fin_funcEizEUlvE1_E9_M_invokeERKSt9_Any_data
                0x00003f24        0x8 ./src/disco_nc/axis.o
 .text._ZZN4axis15__task_fin_funcEizENKUlvE3_clEv
                0x00003f2c       0x44 ./src/disco_nc/axis.o
 .text._ZSt10__invoke_rIvRZN4axis15__task_fin_funcEizEUlvE3_JEENSt9enable_ifIXsrSt7is_voidIT_E5valueES5_E4typeEOT0_DpOT1_
                0x00003f70        0x8 ./src/disco_nc/axis.o